{"tool":"pest","result":"failed","tests":117,"passed":87,"assertions":273,"duration_ms":18544,"failed":21,"failures":[{"test":"P\\Tests\\Feature\\Admin\\ScholarshipRuleTest::__pest_evaluable_admin_can_view_scholarship_rules_index","file":"\\FYP\\ScholarMatch\\vendor\\laravel\\framework\\src\\Illuminate\\Testing\\TestResponseAssert.php","line":45,"message":"Failed asserting that '<!DOCTYPE html>\\n\n<html lang=\"en\">\\n\n<head>\\n\n <meta charset=\"utf-8\">\\n\n <meta name=\"viewport\" content=\"width=device-width, initial-scale=1\">\\n\n <meta name=\"csrf-token\" content=\"W10gLCjeOxcS3DwT1DRN58zTYv32n9pxeRDNAHPc\">\\n\n <title>Laravel - Admin</title>\\n\n <link rel=\"preload\" as=\"style\" href=\"http://localhost/build/assets/app-hhSv31tF.css\" /><link rel=\"modulepreload\" as=\"script\" href=\"http://localhost/build/assets/app-DO2nEFzp.js\" /><link rel=\"stylesheet\" href=\"http://localhost/build/assets/app-hhSv31tF.css\" /><script type=\"module\" src=\"http://localhost/build/assets/app-DO2nEFzp.js\"></script></head>\\n\n<body class=\"min-h-screen bg-background\">\\n\n <div class=\"flex min-h-screen\">\\n\n <!-- Sidebar -->\\n\n <aside class=\"hidden lg:flex lg:flex-col lg:w-64 lg:flex-shrink-0 bg-white border-r border-outline-variant\">\\n\n <div class=\"flex h-16 items-center justify-center border-b border-outline-variant\">\\n\n <a href=\"http://localhost/admin/dashboard\" class=\"text-xl font-bold text-primary\">\\n\n ScholarMatch Admin\\n\n </a>\\n\n </div>\\n\n <nav class=\"flex-1 p-4 space-y-1 overflow-y-auto\">\\n\n <a href=\"http://localhost/admin/dashboard\"\\n\n class=\"flex items-center gap-3 px-3 py-2 rounded-md text-sm font-medium transition-colors\\n\n text-on-surface-variant hover:bg-surface-container-low hover:text-on-surface\">\\n\n <svg class=\"w-5 h-5\" fill=\"none\" stroke=\"currentColor\" viewBox=\"0 0 24 24\"><path stroke-linecap=\"round\" stroke-linejoin=\"round\" stroke-width=\"2\" d=\"M3 12l2-2m0 0l7-7 7 7M5 10v10a1 1 0 001 1h3m10-11l2 2m-2-2v10a1 1 0 01-1 1h-3m-6 0a1 1 0 001-1v-4a1 1 0 011-1h2a1 1 0 011 1v4a1 1 0 001 1m-6 0h6\"></path></svg>\\n\n Dashboard\\n\n </a>\\n\n <a href=\"http://localhost/admin/scholarships\"\\n\n class=\"flex items-center gap-3 px-3 py-2 rounded-md text-sm font-medium transition-colors\\n\n bg-primary/10 text-primary\">\\n\n <svg class=\"w-5 h-5\" fill=\"none\" stroke=\"currentColor\" viewBox=\"0 0 24 24\"><path stroke-linecap=\"round\" stroke-linejoin=\"round\" stroke-width=\"2\" d=\"M9 12l2 2 4-4m5.618-4.016A11.955 11.955 0 0112 2.944a11.955 11.955 0 01-8.618 3.04A12.02 12.02 0 003 9c0 5.591 3.824 10.29 9 11.622 5.176-1.332 9-6.03 9-11.622 0-1.042-.133-2.052-.382-3.016z\"></path></svg>\\n\n Scholarships\\n\n </a>\\n\n <a href=\"http://localhost/admin/income-categories\"\\n\n class=\"flex items-center gap-3 px-3 py-2 rounded-md text-sm font-medium transition-colors\\n\n text-on-surface-variant hover:bg-surface-container-low hover:text-on-surface\">\\n\n <svg class=\"w-5 h-5\" fill=\"none\" stroke=\"currentColor\" viewBox=\"0 0 24 24\"><path stroke-linecap=\"round\" stroke-linejoin=\"round\" stroke-width=\"2\" d=\"M12 8c-1.657 0-3 .895-3 2s1.343 2 3 2 3 .895 3 2-1.343 2-3 2m0-8c1.11 0 2.08.402 2.599 1M12 8V7m0 1v8m0 0l1-1m-1 1l-1-1\"></path></svg>\\n\n Income Categories\\n\n </a>\\n\n <a href=\"http://localhost/admin/recommendation-logs\"\\n\n class=\"flex items-center gap-3 px-3 py-2 rounded-md text-sm font-medium transition-colors\\n\n text-on-surface-variant hover:bg-surface-container-low hover:text-on-surface\">\\n\n <svg class=\"w-5 h-5\" fill=\"none\" stroke=\"currentColor\" viewBox=\"0 0 24 24\"><path stroke-linecap=\"round\" stroke-linejoin=\"round\" stroke-width=\"2\" d=\"M9 12h6m-6 4h6m2 5H7a2 2 0 01-2-2V5a2 2 0 012-2h5.586a1 1 0 01.707.293l5.414 5.414a1 1 0 01.293.707V19a2 2 0 01-2 2z\"></path></svg>\\n\n Recommendation Logs\\n\n </a>\\n\n </nav>\\n\n <div class=\"p-4 border-t border-outline-variant\">\\n\n <form method=\"POST\" action=\"http://localhost/logout\">\\n\n <input type=\"hidden\" name=\"_token\" value=\"W10gLCjeOxcS3DwT1DRN58zTYv32n9pxeRDNAHPc\" autocomplete=\"off\"> <button type=\"submit\"\\n\n class=\"w-full flex items-center justify-center gap-3 px-3 py-2 rounded-md text-sm font-medium text-on-surface-variant hover:bg-surface-container-low hover:text-on-surface transition-colors\">\\n\n <svg class=\"w-5 h-5\" fill=\"none\" stroke=\"currentColor\" viewBox=\"0 0 24 24\"><path stroke-linecap=\"round\" stroke-linejoin=\"round\" stroke-width=\"2\" d=\"M17 16l4-4m0 0l-4-4m4 4H7m6 4v1a3 3 0 01-3 3H6a3 3 0 01-3-3V7a3 3 0 013-3h4a3 3 0 013 3v1\"></path></svg>\\n\n Logout\\n\n </button>\\n\n </form>\\n\n </div>\\n\n </aside>\\n\n\\n\n <!-- Mobile sidebar backdrop -->\\n\n <div class=\"lg:hidden fixed inset-0 z-40 bg-black/50\" id=\"sidebar-backdrop\" style=\"display: none;\"></div>\\n\n\\n\n <!-- Mobile sidebar -->\\n\n <aside class=\"lg:hidden fixed inset-y-0 left-0 z-50 w-64 bg-white border-r border-outline-variant transform -translate-x-full transition-transform duration-300\" id=\"mobile-sidebar\">\\n\n <div class=\"flex h-16 items-center justify-between border-b border-outline-variant px-4\">\\n\n <span class=\"text-xl font-bold text-primary\">ScholarMatch Admin</span>\\n\n <button onclick=\"closeSidebar()\" class=\"p-2 rounded-md hover:bg-surface-container-low\" aria-label=\"Close sidebar\">\\n\n <svg class=\"w-5 h-5\" fill=\"none\" stroke=\"currentColor\" viewBox=\"0 0 24 24\"><path stroke-linecap=\"round\" stroke-linejoin=\"round\" stroke-width=\"2\" d=\"M6 18L18 6M6 6l12 12\"></path></svg>\\n\n </button>\\n\n </div>\\n\n <nav class=\"p-4 space-y-1 overflow-y-auto\">\\n\n <a href=\"http://localhost/admin/dashboard\" class=\"flex items-center gap-3 px-3 py-2 rounded-md text-sm font-medium text-on-surface-variant hover:bg-surface-container-low hover:text-on-surface\">Dashboard</a>\\n\n <a href=\"http://localhost/admin/scholarships\" class=\"flex items-center gap-3 px-3 py-2 rounded-md text-sm font-medium text-on-surface-variant hover:bg-surface-container-low hover:text-on-surface\">Scholarships</a>\\n\n <a href=\"http://localhost/admin/income-categories\" class=\"flex items-center gap-3 px-3 py-2 rounded-md text-sm font-medium text-on-surface-variant hover:bg-surface-container-low hover:text-on-surface\">Income Categories</a>\\n\n <a href=\"http://localhost/admin/recommendation-logs\" class=\"flex items-center gap-3 px-3 py-2 rounded-md text-sm font-medium text-on-surface-variant hover:bg-surface-container-low hover:text-on-surface\">Recommendation Logs</a>\\n\n <hr class=\"my-2 border-outline-variant\">\\n\n <form method=\"POST\" action=\"http://localhost/logout\">\\n\n <input type=\"hidden\" name=\"_token\" value=\"W10gLCjeOxcS3DwT1DRN58zTYv32n9pxeRDNAHPc\" autocomplete=\"off\"> <button type=\"submit\" class=\"w-full flex items-center justify-center gap-3 px-3 py-2 rounded-md text-sm font-medium text-on-surface-variant hover:bg-surface-container-low hover:text-on-surface\">Logout</button>\\n\n </form>\\n\n </nav>\\n\n </aside>\\n\n\\n\n <!-- Main content -->\\n\n <main class=\"flex-1 min-w-0\">\\n\n <!-- Top bar -->\\n\n <header class=\"sticky top-0 z-30 flex h-16 items-center justify-between border-b border-outline-variant bg-white/80 backdrop-blur-sm px-4 lg:px-6\">\\n\n <div class=\"flex items-center gap-4\">\\n\n <button onclick=\"openSidebar()\" class=\"lg:hidden p-2 rounded-md hover:bg-surface-container-low\" aria-label=\"Open sidebar\">\\n\n <svg class=\"w-6 h-6\" fill=\"none\" stroke=\"currentColor\" viewBox=\"0 0 24 24\"><path stroke-linecap=\"round\" stroke-linejoin=\"round\" stroke-width=\"2\" d=\"M4 6h16M4 12h16M4 18h16\"></path></svg>\\n\n </button>\\n\n <h1 class=\"text-lg font-semibold text-on-surface\">Scholarship Rules</h1>\\n\n </div>\\n\n <div class=\"flex items-center gap-4\">\\n\n <span class=\"hidden sm:block text-sm text-on-surface-variant\">Wilton D&#039;Amore</span>\\n\n <div class=\"w-8 h-8 rounded-full bg-primary/10 flex items-center justify-center text-primary font-medium text-sm\">\\n\n W\\n\n </div>\\n\n </div>\\n\n </header>\\n\n\\n\n <!-- Page content -->\\n\n <div class=\"p-4 lg:p-6\">\\n\n \\n\n \\n\n <div class=\"max-w-5xl mx-auto\">\\n\n <div class=\"mb-6 flex flex-col sm:flex-row sm:items-center sm:justify-between gap-4\">\\n\n <div>\\n\n <h1 class=\"text-2xl font-bold text-on-surface\">Scholarship Rules</h1>\\n\n <p class=\"text-on-surface-variant mt-1\">Test Scholarship</p>\\n\n </div>\\n\n <div class=\"flex gap-2\">\\n\n <a href=\"http://localhost/admin/scholarships/1/rules/1/edit\" class=\"btn btn-primary\">\\n\n <svg class=\"w-4 h-4 mr-1\" fill=\"none\" stroke=\"currentColor\" viewBox=\"0 0 24 24\"><path stroke-linecap=\"round\" stroke-linejoin=\"round\" stroke-width=\"2\" d=\"M11 5H6a2 2 0 00-2 2v11a2 2 0 002 2h11a2 2 0 002-2v-5m-1.414-9.414a2 2 0 112.828 2.828L11.828 15H9v-2.828l8.586-8.586z\"></path></svg>\\n\n Edit Rules\\n\n </a>\\n\n <a href=\"http://localhost/admin/scholarships\" class=\"btn btn-outline\">Back to Scholarships</a>\\n\n </div>\\n\n </div>\\n\n\\n\n <div class=\"card overflow-hidden\">\\n\n <!-- Identity Rules -->\\n\n <div class=\"p-5 border-b border-outline-variant bg-surface-container-low\">\\n\n <h2 class=\"text-lg font-semibold text-on-surface\">Identity & Nationality</h2>\\n\n </div>\\n\n <div class=\"divide-y divide-outline-variant/50\">\\n\n <div class=\"p-5 grid sm:grid-cols-3 gap-4\">\\n\n <div class=\"sm:col-span-1 font-medium text-on-surface-variant\">Required Nationality</div>\\n\n <div class=\"sm:col-span-2\">\\n\n <span class=\"badge badge-info\">Malaysian</span>\\n\n </div>\\n\n </div>\\n\n </div>\\n\n\\n\n <!-- Academic Rules -->\\n\n <div class=\"p-5 border-b border-outline-variant bg-surface-container-low\">\\n\n <h2 class=\"text-lg font-semibold text-on-surface\">Academic Requirements</h2>\\n\n </div>\\n\n <div class=\"divide-y divide-outline-variant/50\">\\n\n <div class=\"p-5 grid sm:grid-cols-3 gap-4\">\\n\n <div class=\"sm:col-span-1 font-medium text-on-surface-variant\">Required Study Level</div>\\n\n <div class=\"sm:col-span-2\">\\n\n <span class=\"badge badge-info\">Undergraduate</span>\\n\n </div>\\n\n </div>\\n\n\\n\n <div class=\"p-5 grid sm:grid-cols-3 gap-4\">\\n\n <div class=\"sm:col-span-1 font-medium text-on-surface-variant\">Academic Minimums</div>\\n\n <div class=\"sm:col-span-2 flex flex-wrap gap-2\">\\n\n <span class=\"badge badge-info\">CGPA: \u2265 3.00</span>\\n\n </div>\\n\n </div>\\n\n </div>\\n\n\\n\n <!-- Financial Rules -->\\n\n <div class=\"p-5 border-b border-outline-variant bg-surface-container-low\">\\n\n <h2 class=\"text-lg font-semibold text-on-surface\">Financial Requirements</h2>\\n\n </div>\\n\n <div class=\"divide-y divide-outline-variant/50\">\\n\n <div class=\"p-5 grid sm:grid-cols-3 gap-4\">\\n\n <div class=\"sm:col-span-1 font-medium text-on-surface-variant\">Required Income Category</div>\\n\n <div class=\"sm:col-span-2\">\\n\n <span class=\"badge\\n\n badge-eligible\">\\n\n B40\\n\n </span>\\n\n </div>\\n\n </div>\\n\n\\n\n <div class=\"p-5 grid sm:grid-cols-3 gap-4\">\\n\n <div class=\"sm:col-span-1 font-medium text-on-surface-variant\">Max Household Income</div>\\n\n <div class=\"sm:col-span-2\">\\n\n <span class=\"font-medium text-on-surface\">RM 3,169.00/month</span>\\n\n </div>\\n\n </div>\\n\n </div>\\n\n\\n\n <!-- Study & Institution Rules -->\\n\n <div class=\"p-5 border-b border-outline-variant bg-surface-container-low\">\\n\n <h2 class=\"text-lg font-semibold text-on-surface\">Field & Institution</h2>\\n\n </div>\\n\n <div class=\"divide-y divide-outline-variant/50\">\\n\n <div class=\"p-5 grid sm:grid-cols-3 gap-4\">\\n\n <div class=\"sm:col-span-1 font-medium text-on-surface-variant\">Required Field of Study</div>\\n\n <div class=\"sm:col-span-2\">\\n\n <span class=\"badge badge-info\">Engineering</span>\\n\n </div>\\n\n </div>\\n\n\\n\n <div class=\"p-5 grid sm:grid-cols-3 gap-4\">\\n\n <div class=\"sm:col-span-1 font-medium text-on-surface-variant\">Required Institution Type</div>\\n\n <div class=\"sm:col-span-2\">\\n\n <span class=\"badge badge-info\">Public University</span>\\n\n </div>\\n\n </div>\\n\n </div>\\n\n\\n\n <!-- Rule Types (Hard/Soft/None) -->\\n\n <div class=\"p-5 border-b border-outline-variant bg-surface-container-low\">\\n\n <h2 class=\"text-lg font-semibold text-on-surface\">Rule Types</h2>\\n\n <p class=\"text-sm text-on-surface-variant mt-1\">\\n\n <strong>Hard:</strong> Strict pass/fail filter | <strong>Soft:</strong> Contributes to score | <strong>None:</strong> Ignored\\n\n </p>\\n\n </div>\\n\n <div class=\"divide-y divide-outline-variant/50\">\\n\n <div class=\"p-5 grid sm:grid-cols-3 gap-4\">\\n\n <div class=\"sm:col-span-1 font-medium text-on-surface-variant\">Income Rule Type</div>\\n\n <div class=\"sm:col-span-2\">\\n\n <span class=\"badge\\n\n 1\">\\n\n Soft\\n\n </span>\\n\n </div>\\n\n </div>\\n\n\\n\n <div class=\"p-5 grid sm:grid-cols-3 gap-4\">\\n\n <div class=\"sm:col-span-1 font-medium text-on-surface-variant\">Study Level Rule Type</div>\\n\n <div class=\"sm:col-span-2\">\\n\n <span class=\"badge\\n\n badge-not-suitable\">\\n\n Hard\\n\n </span>\\n\n </div>\\n\n </div>\\n\n\\n\n <div class=\"p-5 grid sm:grid-cols-3 gap-4\">\\n\n <div class=\"sm:col-span-1 font-medium text-on-surface-variant\">Field of Study Rule Type</div>\\n\n <div class=\"sm:col-span-2\">\\n\n <span class=\"badge\\n\n badge-partial\">\\n\n Soft\\n\n </span>\\n\n </div>\\n\n </div>\\n\n\\n\n <div class=\"p-5 grid sm:grid-cols-3 gap-4\">\\n\n <div class=\"sm:col-span-1 font-medium text-on-surface-variant\">Institution Type Rule Type</div>\\n\n <div class=\"sm:col-span-2\">\\n\n <span class=\"badge\\n\n badge-partial\">\\n\n Soft\\n\n </span>\\n\n </div>\\n\n </div>\\n\n </div>\\n\n\\n\n <!-- Custom JSON Rules -->\\n\n </div>\\n\n </div>\\n\n </div>\\n\n </main>\\n\n </div>\\n\n\\n\n <script>\\n\n function openSidebar() {\\n\n document.getElementById('mobile-sidebar').classList.remove('-translate-x-full');\\n\n document.getElementById('sidebar-backdrop').style.display = 'block';\\n\n }\\n\n function closeSidebar() {\\n\n document.getElementById('mobile-sidebar').classList.add('-translate-x-full');\\n\n document.getElementById('sidebar-backdrop').style.display = 'none';\\n\n }\\n\n document.getElementById('sidebar-backdrop')?.addEventListener('click', closeSidebar);\\n\n </script>\\n\n</body>\\n\n</html>' [UTF-8](length: 16724) contains \"Manage Rules for: Test Scholarship\" [ASCII](length: 34)."},{"test":"P\\Tests\\Feature\\Admin\\ScholarshipRuleTest::__pest_evaluable_admin_can_view_create_scholarship_rules_page","file":"\\FYP\\ScholarMatch\\vendor\\laravel\\framework\\src\\Illuminate\\Testing\\TestResponseAssert.php","line":45,"message":"Failed asserting that '<!DOCTYPE html>\\n\n<html lang=\"en\">\\n\n<head>\\n\n <meta charset=\"utf-8\">\\n\n <meta name=\"viewport\" content=\"width=device-width, initial-scale=1\">\\n\n <meta name=\"csrf-token\" content=\"0MPH6qckdnQt74MmMeYEBAfrYybkxAvvn2EkQo5t\">\\n\n <title>Laravel - Admin</title>\\n\n <link rel=\"preload\" as=\"style\" href=\"http://localhost/build/assets/app-hhSv31tF.css\" /><link rel=\"modulepreload\" as=\"script\" href=\"http://localhost/build/assets/app-DO2nEFzp.js\" /><link rel=\"stylesheet\" href=\"http://localhost/build/assets/app-hhSv31tF.css\" /><script type=\"module\" src=\"http://localhost/build/assets/app-DO2nEFzp.js\"></script></head>\\n\n<body class=\"min-h-screen bg-background\">\\n\n <div class=\"flex min-h-screen\">\\n\n <!-- Sidebar -->\\n\n <aside class=\"hidden lg:flex lg:flex-col lg:w-64 lg:flex-shrink-0 bg-white border-r border-outline-variant\">\\n\n <div class=\"flex h-16 items-center justify-center border-b border-outline-variant\">\\n\n <a href=\"http://localhost/admin/dashboard\" class=\"text-xl font-bold text-primary\">\\n\n ScholarMatch Admin\\n\n </a>\\n\n </div>\\n\n <nav class=\"flex-1 p-4 space-y-1 overflow-y-auto\">\\n\n <a href=\"http://localhost/admin/dashboard\"\\n\n class=\"flex items-center gap-3 px-3 py-2 rounded-md text-sm font-medium transition-colors\\n\n text-on-surface-variant hover:bg-surface-container-low hover:text-on-surface\">\\n\n <svg class=\"w-5 h-5\" fill=\"none\" stroke=\"currentColor\" viewBox=\"0 0 24 24\"><path stroke-linecap=\"round\" stroke-linejoin=\"round\" stroke-width=\"2\" d=\"M3 12l2-2m0 0l7-7 7 7M5 10v10a1 1 0 001 1h3m10-11l2 2m-2-2v10a1 1 0 01-1 1h-3m-6 0a1 1 0 001-1v-4a1 1 0 011-1h2a1 1 0 011 1v4a1 1 0 001 1m-6 0h6\"></path></svg>\\n\n Dashboard\\n\n </a>\\n\n <a href=\"http://localhost/admin/scholarships\"\\n\n class=\"flex items-center gap-3 px-3 py-2 rounded-md text-sm font-medium transition-colors\\n\n bg-primary/10 text-primary\">\\n\n <svg class=\"w-5 h-5\" fill=\"none\" stroke=\"currentColor\" viewBox=\"0 0 24 24\"><path stroke-linecap=\"round\" stroke-linejoin=\"round\" stroke-width=\"2\" d=\"M9 12l2 2 4-4m5.618-4.016A11.955 11.955 0 0112 2.944a11.955 11.955 0 01-8.618 3.04A12.02 12.02 0 003 9c0 5.591 3.824 10.29 9 11.622 5.176-1.332 9-6.03 9-11.622 0-1.042-.133-2.052-.382-3.016z\"></path></svg>\\n\n Scholarships\\n\n </a>\\n\n <a href=\"http://localhost/admin/income-categories\"\\n\n class=\"flex items-center gap-3 px-3 py-2 rounded-md text-sm font-medium transition-colors\\n\n text-on-surface-variant hover:bg-surface-container-low hover:text-on-surface\">\\n\n <svg class=\"w-5 h-5\" fill=\"none\" stroke=\"currentColor\" viewBox=\"0 0 24 24\"><path stroke-linecap=\"round\" stroke-linejoin=\"round\" stroke-width=\"2\" d=\"M12 8c-1.657 0-3 .895-3 2s1.343 2 3 2 3 .895 3 2-1.343 2-3 2m0-8c1.11 0 2.08.402 2.599 1M12 8V7m0 1v8m0 0l1-1m-1 1l-1-1\"></path></svg>\\n\n Income Categories\\n\n </a>\\n\n <a href=\"http://localhost/admin/recommendation-logs\"\\n\n class=\"flex items-center gap-3 px-3 py-2 rounded-md text-sm font-medium transition-colors\\n\n text-on-surface-variant hover:bg-surface-container-low hover:text-on-surface\">\\n\n <svg class=\"w-5 h-5\" fill=\"none\" stroke=\"currentColor\" viewBox=\"0 0 24 24\"><path stroke-linecap=\"round\" stroke-linejoin=\"round\" stroke-width=\"2\" d=\"M9 12h6m-6 4h6m2 5H7a2 2 0 01-2-2V5a2 2 0 012-2h5.586a1 1 0 01.707.293l5.414 5.414a1 1 0 01.293.707V19a2 2 0 01-2 2z\"></path></svg>\\n\n Recommendation Logs\\n\n </a>\\n\n </nav>\\n\n <div class=\"p-4 border-t border-outline-variant\">\\n\n <form method=\"POST\" action=\"http://localhost/logout\">\\n\n <input type=\"hidden\" name=\"_token\" value=\"0MPH6qckdnQt74MmMeYEBAfrYybkxAvvn2EkQo5t\" autocomplete=\"off\"> <button type=\"submit\"\\n\n class=\"w-full flex items-center justify-center gap-3 px-3 py-2 rounded-md text-sm font-medium text-on-surface-variant hover:bg-surface-container-low hover:text-on-surface transition-colors\">\\n\n <svg class=\"w-5 h-5\" fill=\"none\" stroke=\"currentColor\" viewBox=\"0 0 24 24\"><path stroke-linecap=\"round\" stroke-linejoin=\"round\" stroke-width=\"2\" d=\"M17 16l4-4m0 0l-4-4m4 4H7m6 4v1a3 3 0 01-3 3H6a3 3 0 01-3-3V7a3 3 0 013-3h4a3 3 0 013 3v1\"></path></svg>\\n\n Logout\\n\n </button>\\n\n </form>\\n\n </div>\\n\n </aside>\\n\n\\n\n <!-- Mobile sidebar backdrop -->\\n\n <div class=\"lg:hidden fixed inset-0 z-40 bg-black/50\" id=\"sidebar-backdrop\" style=\"display: none;\"></div>\\n\n\\n\n <!-- Mobile sidebar -->\\n\n <aside class=\"lg:hidden fixed inset-y-0 left-0 z-50 w-64 bg-white border-r border-outline-variant transform -translate-x-full transition-transform duration-300\" id=\"mobile-sidebar\">\\n\n <div class=\"flex h-16 items-center justify-between border-b border-outline-variant px-4\">\\n\n <span class=\"text-xl font-bold text-primary\">ScholarMatch Admin</span>\\n\n <button onclick=\"closeSidebar()\" class=\"p-2 rounded-md hover:bg-surface-container-low\" aria-label=\"Close sidebar\">\\n\n <svg class=\"w-5 h-5\" fill=\"none\" stroke=\"currentColor\" viewBox=\"0 0 24 24\"><path stroke-linecap=\"round\" stroke-linejoin=\"round\" stroke-width=\"2\" d=\"M6 18L18 6M6 6l12 12\"></path></svg>\\n\n </button>\\n\n </div>\\n\n <nav class=\"p-4 space-y-1 overflow-y-auto\">\\n\n <a href=\"http://localhost/admin/dashboard\" class=\"flex items-center gap-3 px-3 py-2 rounded-md text-sm font-medium text-on-surface-variant hover:bg-surface-container-low hover:text-on-surface\">Dashboard</a>\\n\n <a href=\"http://localhost/admin/scholarships\" class=\"flex items-center gap-3 px-3 py-2 rounded-md text-sm font-medium text-on-surface-variant hover:bg-surface-container-low hover:text-on-surface\">Scholarships</a>\\n\n <a href=\"http://localhost/admin/income-categories\" class=\"flex items-center gap-3 px-3 py-2 rounded-md text-sm font-medium text-on-surface-variant hover:bg-surface-container-low hover:text-on-surface\">Income Categories</a>\\n\n <a href=\"http://localhost/admin/recommendation-logs\" class=\"flex items-center gap-3 px-3 py-2 rounded-md text-sm font-medium text-on-surface-variant hover:bg-surface-container-low hover:text-on-surface\">Recommendation Logs</a>\\n\n <hr class=\"my-2 border-outline-variant\">\\n\n <form method=\"POST\" action=\"http://localhost/logout\">\\n\n <input type=\"hidden\" name=\"_token\" value=\"0MPH6qckdnQt74MmMeYEBAfrYybkxAvvn2EkQo5t\" autocomplete=\"off\"> <button type=\"submit\" class=\"w-full flex items-center justify-center gap-3 px-3 py-2 rounded-md text-sm font-medium text-on-surface-variant hover:bg-surface-container-low hover:text-on-surface\">Logout</button>\\n\n </form>\\n\n </nav>\\n\n </aside>\\n\n\\n\n <!-- Main content -->\\n\n <main class=\"flex-1 min-w-0\">\\n\n <!-- Top bar -->\\n\n <header class=\"sticky top-0 z-30 flex h-16 items-center justify-between border-b border-outline-variant bg-white/80 backdrop-blur-sm px-4 lg:px-6\">\\n\n <div class=\"flex items-center gap-4\">\\n\n <button onclick=\"openSidebar()\" class=\"lg:hidden p-2 rounded-md hover:bg-surface-container-low\" aria-label=\"Open sidebar\">\\n\n <svg class=\"w-6 h-6\" fill=\"none\" stroke=\"currentColor\" viewBox=\"0 0 24 24\"><path stroke-linecap=\"round\" stroke-linejoin=\"round\" stroke-width=\"2\" d=\"M4 6h16M4 12h16M4 18h16\"></path></svg>\\n\n </button>\\n\n <h1 class=\"text-lg font-semibold text-on-surface\">Add Scholarship Rules</h1>\\n\n </div>\\n\n <div class=\"flex items-center gap-4\">\\n\n <span class=\"hidden sm:block text-sm text-on-surface-variant\">Mrs. Carlotta Hahn</span>\\n\n <div class=\"w-8 h-8 rounded-full bg-primary/10 flex items-center justify-center text-primary font-medium text-sm\">\\n\n M\\n\n </div>\\n\n </div>\\n\n </header>\\n\n\\n\n <!-- Page content -->\\n\n <div class=\"p-4 lg:p-6\">\\n\n \\n\n \\n\n <div class=\"max-w-4xl mx-auto\">\\n\n <div class=\"mb-6 flex items-center justify-between\">\\n\n <div>\\n\n <h1 class=\"text-2xl font-bold text-on-surface\">Add Scholarship Rules</h1>\\n\n <p class=\"text-on-surface-variant mt-1\">Test Scholarship</p>\\n\n </div>\\n\n <a href=\"http://localhost/admin/scholarships\" class=\"btn btn-outline\">Back to Scholarships</a>\\n\n </div>\\n\n\\n\n <form method=\"POST\" action=\"http://localhost/admin/scholarships/1/rules\" class=\"card p-6 space-y-6\">\\n\n <input type=\"hidden\" name=\"_token\" value=\"0MPH6qckdnQt74MmMeYEBAfrYybkxAvvn2EkQo5t\" autocomplete=\"off\">\\n\n <!-- Rule Type Legend -->\\n\n <div class=\"bg-surface-container-low rounded-lg p-4 border border-outline-variant\">\\n\n <h3 class=\"font-medium text-on-surface mb-3\">Rule Type Guide</h3>\\n\n <div class=\"grid sm:grid-cols-3 gap-4 text-sm\">\\n\n <div class=\"p-3 bg-error/5 rounded-lg border border-error/20\">\\n\n <div class=\"font-medium text-error mb-1 flex items-center gap-1\">\\n\n <span class=\"w-2 h-2 rounded-full bg-error\"></span> Hard\\n\n </div>\\n\n <div class=\"text-on-surface-variant\">Strict pass/fail filter. Student fails \u2192 Not Suitable regardless of score.</div>\\n\n </div>\\n\n <div class=\"p-3 bg-warning/5 rounded-lg border border-warning/20\">\\n\n <div class=\"font-medium text-warning mb-1 flex items-center gap-1\">\\n\n <span class=\"w-2 h-2 rounded-full bg-warning\"></span> Soft\\n\n </div>\\n\n <div class=\"text-on-surface-variant\">Contributes to ranking score (0-100). Only checked after all hard rules pass.</div>\\n\n </div>\\n\n <div class=\"p-3 bg-info/5 rounded-lg border border-info/20\">\\n\n <div class=\"font-medium text-info mb-1 flex items-center gap-1\">\\n\n <span class=\"w-2 h-2 rounded-full bg-info\"></span> None\\n\n </div>\\n\n <div class=\"text-on-surface-variant\">Not used for this scholarship. Field is ignored in matching.</div>\\n\n </div>\\n\n </div>\\n\n </div>\\n\n\\n\n <!-- Identity Section -->\\n\n <div class=\"border-t border-outline-variant pt-6\">\\n\n <h3 class=\"text-lg font-semibold text-on-surface mb-4 flex items-center gap-2\">\\n\n <svg class=\"w-5 h-5 text-primary\" fill=\"none\" stroke=\"currentColor\" viewBox=\"0 0 24 24\"><path stroke-linecap=\"round\" stroke-linejoin=\"round\" stroke-width=\"2\" d=\"M16 7a4 4 0 11-8 0 4 4 0 018 0zM12 14a7 7 0 00-7 7h14a7 7 0 00-7-7z\"></path></svg>\\n\n Identity & Nationality\\n\n </h3>\\n\n\\n\n <div>\\n\n <label for=\"required_nationality\" class=\"label\">Required Nationality</label>\\n\n <select id=\"required_nationality\" name=\"required_nationality\" class=\"input \">\\n\n <option value=\"\">Any nationality</option>\\n\n <option value=\"Malaysian\" >Malaysian</option>\\n\n <option value=\"Singaporean\" >Singaporean</option>\\n\n <option value=\"Indonesian\" >Indonesian</option>\\n\n <option value=\"Bruneian\" >Bruneian</option>\\n\n <option value=\"Other\" >Other</option>\\n\n </select>\\n\n <p class=\"mt-1 text-sm text-on-surface-variant\">Leave empty to accept all nationalities.</p>\\n\n </div>\\n\n </div>\\n\n\\n\n <!-- Academic Section -->\\n\n <div class=\"border-t border-outline-variant pt-6\">\\n\n <h3 class=\"text-lg font-semibold text-on-surface mb-4 flex items-center gap-2\">\\n\n <svg class=\"w-5 h-5 text-primary\" fill=\"none\" stroke=\"currentColor\" viewBox=\"0 0 24 24\"><path stroke-linecap=\"round\" stroke-linejoin=\"round\" stroke-width=\"2\" d=\"M12 6.253v13m0-13C10.832 5.477 9.246 5 7.5 5S4.168 5.477 3 6.253v13C4.168 18.477 5.754 18 7.5 18s3.332.477 4.5 1.253m0-13C13.168 5.477 14.754 5 16.5 5c1.747 0 3.332.477 4.5 1.253v13C19.832 18.477 18.247 18 16.5 18c-1.746 0-3.332.477-4.5 1.253\"></path></svg>\\n\n Academic Requirements\\n\n </h3>\\n\n\\n\n <div>\\n\n <label for=\"required_study_level\" class=\"label\">Required Study Level</label>\\n\n <select id=\"required_study_level\" name=\"required_study_level\" class=\"input \">\\n\n <option value=\"\">Any study level</option>\\n\n <option value=\"SPM\" >SPM</option>\\n\n <option value=\"STPM\" >STPM</option>\\n\n <option value=\"Foundation\" >Foundation</option>\\n\n <option value=\"Matriculation\" >Matriculation</option>\\n\n <option value=\"Diploma\" >Diploma</option>\\n\n <option value=\"Undergraduate\" >Undergraduate</option>\\n\n </select>\\n\n <p class=\"mt-1 text-sm text-on-surface-variant\">Leave empty to accept all education levels.</p>\\n\n </div>\\n\n\\n\n <div class=\"grid sm:grid-cols-3 gap-4\">\\n\n <div>\\n\n <label for=\"min_spm_as\" class=\"label\">Min SPM As</label>\\n\n <input type=\"number\" id=\"min_spm_as\" name=\"min_spm_as\" min=\"0\" max=\"12\" class=\"input \"\\n\n value=\"\" placeholder=\"0-12\">\\n\n </div>\\n\n <div>\\n\n <label for=\"min_spm_credits\" class=\"label\">Min SPM Credits</label>\\n\n <input type=\"number\" id=\"min_spm_credits\" name=\"min_spm_credits\" min=\"0\" max=\"12\" class=\"input \"\\n\n value=\"\" placeholder=\"0-12\">\\n\n </div>\\n\n <div>\\n\n <label for=\"min_cgpa\" class=\"label\">Min CGPA</label>\\n\n <input type=\"number\" id=\"min_cgpa\" name=\"min_cgpa\" step=\"0.01\" min=\"0\" max=\"4\" class=\"input \"\\n\n value=\"\" placeholder=\"0.00-4.00\">\\n\n </div>\\n\n </div>\\n\n <p class=\"text-sm text-on-surface-variant\">SPM fields apply to SPM students. CGPA applies to STPM, Foundation, Matriculation, Diploma, Undergraduate students.</p>\\n\n </div>\\n\n\\n\n <!-- Financial Section -->\\n\n <div class=\"border-t border-outline-variant pt-6\">\\n\n <h3 class=\"text-lg font-semibold text-on-surface mb-4 flex items-center gap-2\">\\n\n <svg class=\"w-5 h-5 text-primary\" fill=\"none\" stroke=\"currentColor\" viewBox=\"0 0 24 24\"><path stroke-linecap=\"round\" stroke-linejoin=\"round\" stroke-width=\"2\" d=\"M12 8c-1.657 0-3 .895-3 2s1.343 2 3 2 3 .895 3 2-1.343 2-3 2m0-8c1.11 0 2.08.402 2.599 1M12 8V7m0 1v8m0 0l1-1m-1 1l-1-1\"></path></svg>\\n\n Financial Requirements\\n\n </h3>\\n\n\\n\n <div>\\n\n <label for=\"required_income_category\" class=\"label\">Required Income Category</label>\\n\n <select id=\"required_income_category\" name=\"required_income_category\" class=\"input \">\\n\n <option value=\"\">Any category</option>\\n\n <option value=\"B40\" >B40 (Bottom 40%)</option>\\n\n <option value=\"M40\" >M40 (Middle 40%)</option>\\n\n <option value=\"T20\" >T20 (Top 20%)</option>\\n\n </select>\\n\n </div>\\n\n\\n\n <div>\\n\n <label for=\"max_household_income\" class=\"label\">Maximum Household Income (RM/month)</label>\\n\n <input type=\"number\" id=\"max_household_income\" name=\"max_household_income\" step=\"0.01\" min=\"0\" class=\"input \"\\n\n value=\"\" placeholder=\"e.g., 3169.00\">\\n\n <p class=\"mt-1 text-sm text-on-surface-variant\">Student's household income must be \u2264 this amount. Leave empty for no limit.</p>\\n\n </div>\\n\n </div>\\n\n\\n\n <!-- Field & Institution Section -->\\n\n <div class=\"border-t border-outline-variant pt-6\">\\n\n <h3 class=\"text-lg font-semibold text-on-surface mb-4 flex items-center gap-2\">\\n\n <svg class=\"w-5 h-5 text-primary\" fill=\"none\" stroke=\"currentColor\" viewBox=\"0 0 24 24\"><path stroke-linecap=\"round\" stroke-linejoin=\"round\" stroke-width=\"2\" d=\"M19 21V5a2 2 0 00-2-2H7a2 2 0 00-2 2v16m14 0h2m-2 0h-5m-9 0H3m2 0h5M9 7h1m-1 4h1m4-4h1m-1 4h1m-5 10v-5a1 1 0 011-1h2a1 1 0 011 1v5m-4 0h4\"></path></svg>\\n\n Field of Study & Institution\\n\n </h3>\\n\n\\n\n <div>\\n\n <label for=\"required_field_of_study\" class=\"label\">Required Field of Study</label>\\n\n <input type=\"text\" id=\"required_field_of_study\" name=\"required_field_of_study\" class=\"input \"\\n\n value=\"\" placeholder=\"e.g., Engineering, Medicine, Business, Computer Science\">\\n\n <p class=\"mt-1 text-sm text-on-surface-variant\">Leave empty to accept all fields of study.</p>\\n\n </div>\\n\n\\n\n <div>\\n\n <label for=\"required_institution_type\" class=\"label\">Required Institution Type</label>\\n\n <select id=\"required_institution_type\" name=\"required_institution_type\" class=\"input \">\\n\n <option value=\"\">Any institution type</option>\\n\n <option value=\"Public University\" >Public University</option>\\n\n <option value=\"Private University\" >Private University</option>\\n\n <option value=\"Polytechnic\" >Polytechnic</option>\\n\n <option value=\"Community College\" >Community College</option>\\n\n <option value=\"Foundation College\" >Foundation College</option>\\n\n <option value=\"Other\" >Other</option>\\n\n </select>\\n\n </div>\\n\n </div>\\n\n\\n\n <!-- Rule Types Section -->\\n\n <div class=\"border-t border-outline-variant pt-6\">\\n\n <h3 class=\"text-lg font-semibold text-on-surface mb-4 flex items-center gap-2\">\\n\n <svg class=\"w-5 h-5 text-primary\" fill=\"none\" stroke=\"currentColor\" viewBox=\"0 0 24 24\"><path stroke-linecap=\"round\" stroke-linejoin=\"round\" stroke-width=\"2\" d=\"M9 12h6m-6 4h6m2 5H7a2 2 0 01-2-2V5a2 2 0 012-2h5.586a1 1 0 01.707.293l5.414 5.414a1 1 0 01.293.707V19a2 2 0 01-2 2z\"></path></svg>\\n\n Rule Types\\n\n </h3>\\n\n <p class=\"text-sm text-on-surface-variant mb-4\">Set how each rule category is evaluated.</p>\\n\n\\n\n <div class=\"grid sm:grid-cols-2 gap-4\">\\n\n <div>\\n\n <label for=\"income_rule_type\" class=\"label\">Income Rule Type <span class=\"text-error\">*</span></label>\\n\n <select id=\"income_rule_type\" name=\"income_rule_type\" class=\"input \" required>\\n\n <option value=\"none\" >None</option>\\n\n <option value=\"soft\" >Soft (scoring)</option>\\n\n <option value=\"hard\" >Hard (filter)</option>\\n\n </select>\\n\n </div>\\n\n\\n\n <div>\\n\n <label for=\"study_level_rule_type\" class=\"label\">Study Level Rule Type <span class=\"text-error\">*</span></label>\\n\n <select id=\"study_level_rule_type\" name=\"study_level_rule_type\" class=\"input \" required>\\n\n <option value=\"none\" >None</option>\\n\n <option value=\"soft\" >Soft (scoring)</option>\\n\n <option value=\"hard\" >Hard (filter)</option>\\n\n </select>\\n\n </div>\\n\n\\n\n <div>\\n\n <label for=\"field_rule_type\" class=\"label\">Field of Study Rule Type <span class=\"text-error\">*</span></label>\\n\n <select id=\"field_rule_type\" name=\"field_rule_type\" class=\"input \" required>\\n\n <option value=\"none\" >None</option>\\n\n <option value=\"soft\" >Soft (scoring)</option>\\n\n <option value=\"hard\" >Hard (filter)</option>\\n\n </select>\\n\n </div>\\n\n\\n\n <div>\\n\n <label for=\"institution_rule_type\" class=\"label\">Institution Type Rule Type <span class=\"text-error\">*</span></label>\\n\n <select id=\"institution_rule_type\" name=\"institution_rule_type\" class=\"input \" required>\\n\n <option value=\"none\" >None</option>\\n\n <option value=\"soft\" >Soft (scoring)</option>\\n\n <option value=\"hard\" >Hard (filter)</option>\\n\n </select>\\n\n </div>\\n\n </div>\\n\n </div>\\n\n\\n\n <!-- Actions -->\\n\n <div class=\"flex justify-end gap-3 pt-4 border-t border-outline-variant\">\\n\n <a href=\"http://localhost/admin/scholarships/1/rules\" class=\"btn btn-outline\">Cancel</a>\\n\n <button type=\"submit\" class=\"btn btn-primary\">Save Rules</button>\\n\n </div>\\n\n </form>\\n\n</div>\\n\n </div>\\n\n </main>\\n\n </div>\\n\n\\n\n <script>\\n\n function openSidebar() {\\n\n document.getElementById('mobile-sidebar').classList.remove('-translate-x-full');\\n\n document.getElementById('sidebar-backdrop').style.display = 'block';\\n\n }\\n\n function closeSidebar() {\\n\n document.getElementById('mobile-sidebar').classList.add('-translate-x-full');\\n\n document.getElementById('sidebar-backdrop').style.display = 'none';\\n\n }\\n\n document.getElementById('sidebar-backdrop')?.addEventListener('click', closeSidebar);\\n\n </script>\\n\n</body>\\n\n</html>' [UTF-8](length: 22293) contains \"Add Rules for: Test Scholarship\" [ASCII](length: 31)."},{"test":"P\\Tests\\Feature\\Student\\AcademicResultTest::__pest_evaluable_student_can_create_SPM_academic_result_with_As_and_credits","file":"\\FYP\\ScholarMatch\\vendor\\laravel\\framework\\src\\Illuminate\\Testing\\TestResponseAssert.php","line":45,"message":"Expected response status code [201, 301, 302, 303, 307, 308] but received 405.\nFailed asserting that false is true."},{"test":"P\\Tests\\Feature\\Student\\AcademicResultTest::__pest_evaluable_student_can_create_undergraduate_academic_result_with_CGPA","file":"\\FYP\\ScholarMatch\\vendor\\laravel\\framework\\src\\Illuminate\\Testing\\TestResponseAssert.php","line":45,"message":"Expected response status code [201, 301, 302, 303, 307, 308] but received 405.\nFailed asserting that false is true."},{"test":"P\\Tests\\Feature\\Student\\AcademicResultTest::__pest_evaluable_student_can_create_academic_result_with_pending_status","file":"\\FYP\\ScholarMatch\\vendor\\laravel\\framework\\src\\Illuminate\\Testing\\TestResponseAssert.php","line":45,"message":"Expected response status code [201, 301, 302, 303, 307, 308] but received 405.\nFailed asserting that false is true."},{"test":"P\\Tests\\Feature\\Student\\AcademicResultTest::__pest_evaluable_academic_result_validation_requires_education_level","file":"\\FYP\\ScholarMatch\\vendor\\laravel\\framework\\src\\Illuminate\\Testing\\TestResponseAssert.php","line":45,"message":"Session is missing expected key [errors].\nFailed asserting that false is true."},{"test":"P\\Tests\\Feature\\Student\\AcademicResultTest::__pest_evaluable_SPM_requires_SPM_As_or_credits","file":"\\FYP\\ScholarMatch\\vendor\\laravel\\framework\\src\\Illuminate\\Testing\\TestResponseAssert.php","line":45,"message":"Session is missing expected key [errors].\nFailed asserting that false is true."},{"test":"P\\Tests\\Feature\\Student\\AcademicResultTest::__pest_evaluable_non_SPM_requires_CGPA_when_status_is_official","file":"\\FYP\\ScholarMatch\\vendor\\laravel\\framework\\src\\Illuminate\\Testing\\TestResponseAssert.php","line":45,"message":"Session is missing expected key [errors].\nFailed asserting that false is true."},{"test":"P\\Tests\\Feature\\Student\\AcademicResultTest::__pest_evaluable_non_SPM_allows_missing_CGPA_when_status_is_pending","file":"\\FYP\\ScholarMatch\\vendor\\laravel\\framework\\src\\Illuminate\\Testing\\TestResponseAssert.php","line":45,"message":"Expected response status code [201, 301, 302, 303, 307, 308] but received 405.\nFailed asserting that false is true."},{"test":"P\\Tests\\Feature\\Student\\AcademicResultTest::__pest_evaluable_CGPA_must_be_between_0_and_4","file":"\\FYP\\ScholarMatch\\vendor\\laravel\\framework\\src\\Illuminate\\Testing\\TestResponseAssert.php","line":45,"message":"Session is missing expected key [errors].\nFailed asserting that false is true."},{"test":"P\\Tests\\Feature\\Student\\AcademicResultTest::__pest_evaluable_SPM_As_must_be_between_0_and_12","file":"\\FYP\\ScholarMatch\\vendor\\laravel\\framework\\src\\Illuminate\\Testing\\TestResponseAssert.php","line":45,"message":"Session is missing expected key [errors].\nFailed asserting that false is true."},{"test":"P\\Tests\\Feature\\Student\\AcademicResultTest::__pest_evaluable_SPM_credits_must_be_between_0_and_12","file":"\\FYP\\ScholarMatch\\vendor\\laravel\\framework\\src\\Illuminate\\Testing\\TestResponseAssert.php","line":45,"message":"Session is missing expected key [errors].\nFailed asserting that false is true."},{"test":"P\\Tests\\Feature\\Student\\ProfileTest::__pest_evaluable_student_can_create_profile_with_all_fields","file":"\\FYP\\ScholarMatch\\vendor\\laravel\\framework\\src\\Illuminate\\Testing\\TestResponseAssert.php","line":45,"message":"Expected response status code [201, 301, 302, 303, 307, 308] but received 405.\nFailed asserting that false is true."},{"test":"P\\Tests\\Feature\\Student\\ProfileTest::__pest_evaluable_student_can_update_existing_profile","file":"\\FYP\\ScholarMatch\\vendor\\laravel\\framework\\src\\Illuminate\\Testing\\TestResponseAssert.php","line":45,"message":"Expected response status code [201, 301, 302, 303, 307, 308] but received 405.\nFailed asserting that false is true."},{"test":"P\\Tests\\Feature\\Student\\ProfileTest::__pest_evaluable_profile_validation_requires_all_fields","file":"\\FYP\\ScholarMatch\\vendor\\laravel\\framework\\src\\Illuminate\\Testing\\TestResponseAssert.php","line":45,"message":"Session is missing expected key [errors].\nFailed asserting that false is true."},{"test":"P\\Tests\\Feature\\Student\\ProfileTest::__pest_evaluable_profile_validation_requires_numeric_household_income","file":"\\FYP\\ScholarMatch\\vendor\\laravel\\framework\\src\\Illuminate\\Testing\\TestResponseAssert.php","line":45,"message":"Session is missing expected key [errors].\nFailed asserting that false is true."},{"test":"P\\Tests\\Feature\\Student\\ProfileTest::__pest_evaluable_profile_validation_requires_non_negative_dependents","file":"\\FYP\\ScholarMatch\\vendor\\laravel\\framework\\src\\Illuminate\\Testing\\TestResponseAssert.php","line":45,"message":"Session is missing expected key [errors].\nFailed asserting that false is true."},{"test":"P\\Tests\\Feature\\Student\\RecommendationTest::__pest_evaluable_recommendations_detail_page_shows_full_scholarship_details","file":"\\FYP\\ScholarMatch\\vendor\\laravel\\framework\\src\\Illuminate\\Testing\\TestResponseAssert.php","line":45,"message":"Expected response status code [200] but received 500.\nFailed asserting that 500 is identical to 200.\r\n\r\nThe following exception occurred during the last request:\n\nParseError: syntax error, unexpected double-quote mark, expecting \")\" in D:\\FYP\\ScholarMatch\\storage\\framework\\views\\21c187586c9b6583c69fa39dbbb851df.php:109\nStack trace:\n#0 D:\\FYP\\ScholarMatch\\vendor\\laravel\\framework\\src\\Illuminate\\Filesystem\\Filesystem.php(124): Illuminate\\Filesystem\\Filesystem::{closure:Illuminate\\Filesystem\\Filesystem::getRequire():120}()\n#1 D:\\FYP\\ScholarMatch\\vendor\\laravel\\framework\\src\\Illuminate\\View\\Engines\\PhpEngine.php(57): Illuminate\\Filesystem\\Filesystem->getRequire()\n#2 D:\\FYP\\ScholarMatch\\vendor\\laravel\\framework\\src\\Illuminate\\View\\Engines\\CompilerEngine.php(76): Illuminate\\View\\Engines\\PhpEngine->evaluatePath()\n#3 D:\\FYP\\ScholarMatch\\vendor\\laravel\\framework\\src\\Illuminate\\View\\View.php(208): Illuminate\\View\\Engines\\CompilerEngine->get()\n#4 D:\\FYP\\ScholarMatch\\vendor\\laravel\\framework\\src\\Illuminate\\View\\View.php(191): Illuminate\\View\\View->getContents()\n#5 D:\\FYP\\ScholarMatch\\vendor\\laravel\\framework\\src\\Illuminate\\View\\View.php(160): Illuminate\\View\\View->renderContents()\n#6 D:\\FYP\\ScholarMatch\\vendor\\laravel\\framework\\src\\Illuminate\\Http\\Response.php(82): Illuminate\\View\\View->render()\n#7 D:\\FYP\\ScholarMatch\\vendor\\laravel\\framework\\src\\Illuminate\\Http\\Response.php(40): Illuminate\\Http\\Response->setContent()\n#8 D:\\FYP\\ScholarMatch\\vendor\\laravel\\framework\\src\\Illuminate\\Routing\\Router.php(939): Illuminate\\Http\\Response->__construct()\n#9 D:\\FYP\\ScholarMatch\\vendor\\laravel\\framework\\src\\Illuminate\\Routing\\Router.php(906): Illuminate\\Routing\\Router::toResponse()\n#10 D:\\FYP\\ScholarMatch\\vendor\\laravel\\framework\\src\\Illuminate\\Routing\\Router.php(821): Illuminate\\Routing\\Router->prepareResponse()\n#11 D:\\FYP\\ScholarMatch\\vendor\\laravel\\framework\\src\\Illuminate\\Pipeline\\Pipeline.php(180): Illuminate\\Routing\\Router->{closure:Illuminate\\Routing\\Router::runRouteWithinStack():821}()\n#12 D:\\FYP\\ScholarMatch\\app\\Http\\Middleware\\RoleMiddleware.php(23): Illuminate\\Pipeline\\Pipeline->{closure:Illuminate\\Pipeline\\Pipeline::prepareDestination():178}()\n#13 D:\\FYP\\ScholarMatch\\vendor\\laravel\\framework\\src\\Illuminate\\Pipeline\\Pipeline.php(219): App\\Http\\Middleware\\RoleMiddleware->handle()\n#14 D:\\FYP\\ScholarMatch\\vendor\\laravel\\framework\\src\\Illuminate\\Routing\\Middleware\\SubstituteBindings.php(52): Illuminate\\Pipeline\\Pipeline->{closure:{closure:Illuminate\\Pipeline\\Pipeline::carry():194}:195}()\n#15 D:\\FYP\\ScholarMatch\\vendor\\laravel\\framework\\src\\Illuminate\\Pipeline\\Pipeline.php(219): Illuminate\\Routing\\Middleware\\SubstituteBindings->handle()\n#16 D:\\FYP\\ScholarMatch\\vendor\\laravel\\framework\\src\\Illuminate\\Auth\\Middleware\\Authenticate.php(63): Illuminate\\Pipeline\\Pipeline->{closure:{closure:Illuminate\\Pipeline\\Pipeline::carry():194}:195}()\n#17 D:\\FYP\\ScholarMatch\\vendor\\laravel\\framework\\src\\Illuminate\\Pipeline\\Pipeline.php(219): Illuminate\\Auth\\Middleware\\Authenticate->handle()\n#18 D:\\FYP\\ScholarMatch\\vendor\\laravel\\framework\\src\\Illuminate\\Foundation\\Http\\Middleware\\PreventRequestForgery.php(104): Illuminate\\Pipeline\\Pipeline->{closure:{closure:Illuminate\\Pipeline\\Pipeline::carry():194}:195}()\n#19 D:\\FYP\\ScholarMatch\\vendor\\laravel\\framework\\src\\Illuminate\\Pipeline\\Pipeline.php(219): Illuminate\\Foundation\\Http\\Middleware\\PreventRequestForgery->handle()\n#20 D:\\FYP\\ScholarMatch\\vendor\\laravel\\framework\\src\\Illuminate\\View\\Middleware\\ShareErrorsFromSession.php(48): Illuminate\\Pipeline\\Pipeline->{closure:{closure:Illuminate\\Pipeline\\Pipeline::carry():194}:195}()\n#21 D:\\FYP\\ScholarMatch\\vendor\\laravel\\framework\\src\\Illuminate\\Pipeline\\Pipeline.php(219): Illuminate\\View\\Middleware\\ShareErrorsFromSession->handle()\n#22 D:\\FYP\\ScholarMatch\\vendor\\laravel\\framework\\src\\Illuminate\\Session\\Middleware\\StartSession.php(120): Illuminate\\Pipeline\\Pipeline->{closure:{closure:Illuminate\\Pipeline\\Pipeline::carry():194}:195}()\n#23 D:\\FYP\\ScholarMatch\\vendor\\laravel\\framework\\src\\Illuminate\\Session\\Middleware\\StartSession.php(63): Illuminate\\Session\\Middleware\\StartSession->handleStatefulRequest()\n#24 D:\\FYP\\ScholarMatch\\vendor\\laravel\\framework\\src\\Illuminate\\Pipeline\\Pipeline.php(219): Illuminate\\Session\\Middleware\\StartSession->handle()\n#25 D:\\FYP\\ScholarMatch\\vendor\\laravel\\framework\\src\\Illuminate\\Cookie\\Middleware\\AddQueuedCookiesToResponse.php(36): Illuminate\\Pipeline\\Pipeline->{closure:{closure:Illuminate\\Pipeline\\Pipeline::carry():194}:195}()\n#26 D:\\FYP\\ScholarMatch\\vendor\\laravel\\framework\\src\\Illuminate\\Pipeline\\Pipeline.php(219): Illuminate\\Cookie\\Middleware\\AddQueuedCookiesToResponse->handle()\n#27 D:\\FYP\\ScholarMatch\\vendor\\laravel\\framework\\src\\Illuminate\\Cookie\\Middleware\\EncryptCookies.php(74): Illuminate\\Pipeline\\Pipeline->{closure:{closure:Illuminate\\Pipeline\\Pipeline::carry():194}:195}()\n#28 D:\\FYP\\ScholarMatch\\vendor\\laravel\\framework\\src\\Illuminate\\Pipeline\\Pipeline.php(219): Illuminate\\Cookie\\Middleware\\EncryptCookies->handle()\n#29 D:\\FYP\\ScholarMatch\\vendor\\laravel\\framework\\src\\Illuminate\\Pipeline\\Pipeline.php(137): Illuminate\\Pipeline\\Pipeline->{closure:{closure:Illuminate\\Pipeline\\Pipeline::carry():194}:195}()\n#30 D:\\FYP\\ScholarMatch\\vendor\\laravel\\framework\\src\\Illuminate\\Routing\\Router.php(821): Illuminate\\Pipeline\\Pipeline->then()\n#31 D:\\FYP\\ScholarMatch\\vendor\\laravel\\framework\\src\\Illuminate\\Routing\\Router.php(800): Illuminate\\Routing\\Router->runRouteWithinStack()\n#32 D:\\FYP\\ScholarMatch\\vendor\\laravel\\framework\\src\\Illuminate\\Routing\\Router.php(764): Illuminate\\Routing\\Router->runRoute()\n#33 D:\\FYP\\ScholarMatch\\vendor\\laravel\\framework\\src\\Illuminate\\Routing\\Router.php(753): Illuminate\\Routing\\Router->dispatchToRoute()\n#34 D:\\FYP\\ScholarMatch\\vendor\\laravel\\framework\\src\\Illuminate\\Foundation\\Http\\Kernel.php(200): Illuminate\\Routing\\Router->dispatch()\n#35 D:\\FYP\\ScholarMatch\\vendor\\laravel\\framework\\src\\Illuminate\\Pipeline\\Pipeline.php(180): Illuminate\\Foundation\\Http\\Kernel->{closure:Illuminate\\Foundation\\Http\\Kernel::dispatchToRouter():197}()\n#36 D:\\FYP\\ScholarMatch\\vendor\\laravel\\framework\\src\\Illuminate\\Foundation\\Http\\Middleware\\TransformsRequest.php(21): Illuminate\\Pipeline\\Pipeline->{closure:Illuminate\\Pipeline\\Pipeline::prepareDestination():178}()\n#37 D:\\FYP\\ScholarMatch\\vendor\\laravel\\framework\\src\\Illuminate\\Foundation\\Http\\Middleware\\ConvertEmptyStringsToNull.php(31): Illuminate\\Foundation\\Http\\Middleware\\TransformsRequest->handle()\n#38 D:\\FYP\\ScholarMatch\\vendor\\laravel\\framework\\src\\Illuminate\\Pipeline\\Pipeline.php(219): Illuminate\\Foundation\\Http\\Middleware\\ConvertEmptyStringsToNull->handle()\n#39 D:\\FYP\\ScholarMatch\\vendor\\laravel\\framework\\src\\Illuminate\\Foundation\\Http\\Middleware\\TransformsRequest.php(21): Illuminate\\Pipeline\\Pipeline->{closure:{closure:Illuminate\\Pipeline\\Pipeline::carry():194}:195}()\n#40 D:\\FYP\\ScholarMatch\\vendor\\laravel\\framework\\src\\Illuminate\\Foundation\\Http\\Middleware\\TrimStrings.php(51): Illuminate\\Foundation\\Http\\Middleware\\TransformsRequest->handle()\n#41 D:\\FYP\\ScholarMatch\\vendor\\laravel\\framework\\src\\Illuminate\\Pipeline\\Pipeline.php(219): Illuminate\\Foundation\\Http\\Middleware\\TrimStrings->handle()\n#42 D:\\FYP\\ScholarMatch\\vendor\\laravel\\framework\\src\\Illuminate\\Http\\Middleware\\ValidatePostSize.php(27): Illuminate\\Pipeline\\Pipeline->{closure:{closure:Illuminate\\Pipeline\\Pipeline::carry():194}:195}()\n#43 D:\\FYP\\ScholarMatch\\vendor\\laravel\\framework\\src\\Illuminate\\Pipeline\\Pipeline.php(219): Illuminate\\Http\\Middleware\\ValidatePostSize->handle()\n#44 D:\\FYP\\ScholarMatch\\vendor\\laravel\\framework\\src\\Illuminate\\Foundation\\Http\\Middleware\\PreventRequestsDuringMaintenance.php(109): Illuminate\\Pipeline\\Pipeline->{closure:{closure:Illuminate\\Pipeline\\Pipeline::carry():194}:195}()\n#45 D:\\FYP\\ScholarMatch\\vendor\\laravel\\framework\\src\\Illuminate\\Pipeline\\Pipeline.php(219): Illuminate\\Foundation\\Http\\Middleware\\PreventRequestsDuringMaintenance->handle()\n#46 D:\\FYP\\ScholarMatch\\vendor\\laravel\\framework\\src\\Illuminate\\Http\\Middleware\\HandleCors.php(61): Illuminate\\Pipeline\\Pipeline->{closure:{closure:Illuminate\\Pipeline\\Pipeline::carry():194}:195}()\n#47 D:\\FYP\\ScholarMatch\\vendor\\laravel\\framework\\src\\Illuminate\\Pipeline\\Pipeline.php(219): Illuminate\\Http\\Middleware\\HandleCors->handle()\n#48 D:\\FYP\\ScholarMatch\\vendor\\laravel\\framework\\src\\Illuminate\\Http\\Middleware\\TrustProxies.php(58): Illuminate\\Pipeline\\Pipeline->{closure:{closure:Illuminate\\Pipeline\\Pipeline::carry():194}:195}()\n#49 D:\\FYP\\ScholarMatch\\vendor\\laravel\\framework\\src\\Illuminate\\Pipeline\\Pipeline.php(219): Illuminate\\Http\\Middleware\\TrustProxies->handle()\n#50 D:\\FYP\\ScholarMatch\\vendor\\laravel\\framework\\src\\Illuminate\\Foundation\\Http\\Middleware\\InvokeDeferredCallbacks.php(22): Illuminate\\Pipeline\\Pipeline->{closure:{closure:Illuminate\\Pipeline\\Pipeline::carry():194}:195}()\n#51 D:\\FYP\\ScholarMatch\\vendor\\laravel\\framework\\src\\Illuminate\\Pipeline\\Pipeline.php(219): Illuminate\\Foundation\\Http\\Middleware\\InvokeDeferredCallbacks->handle()\n#52 D:\\FYP\\ScholarMatch\\vendor\\laravel\\framework\\src\\Illuminate\\Http\\Middleware\\ValidatePathEncoding.php(28): Illuminate\\Pipeline\\Pipeline->{closure:{closure:Illuminate\\Pipeline\\Pipeline::carry():194}:195}()\n#53 D:\\FYP\\ScholarMatch\\vendor\\laravel\\framework\\src\\Illuminate\\Pipeline\\Pipeline.php(219): Illuminate\\Http\\Middleware\\ValidatePathEncoding->handle()\n#54 D:\\FYP\\ScholarMatch\\vendor\\laravel\\framework\\src\\Illuminate\\Pipeline\\Pipeline.php(137): Illuminate\\Pipeline\\Pipeline->{closure:{closure:Illuminate\\Pipeline\\Pipeline::carry():194}:195}()\n#55 D:\\FYP\\ScholarMatch\\vendor\\laravel\\framework\\src\\Illuminate\\Foundation\\Http\\Kernel.php(175): Illuminate\\Pipeline\\Pipeline->then()\n#56 D:\\FYP\\ScholarMatch\\vendor\\laravel\\framework\\src\\Illuminate\\Foundation\\Http\\Kernel.php(144): Illuminate\\Foundation\\Http\\Kernel->sendRequestThroughRouter()\n#57 D:\\FYP\\ScholarMatch\\vendor\\laravel\\framework\\src\\Illuminate\\Foundation\\Testing\\Concerns\\MakesHttpRequests.php(607): Illuminate\\Foundation\\Http\\Kernel->handle()\n#58 D:\\FYP\\ScholarMatch\\vendor\\laravel\\framework\\src\\Illuminate\\Foundation\\Testing\\Concerns\\MakesHttpRequests.php(368): Illuminate\\Foundation\\Testing\\TestCase->call()\n#59 D:\\FYP\\ScholarMatch\\tests\\Feature\\Student\\RecommendationTest.php(91): Illuminate\\Foundation\\Testing\\TestCase->get()\n#60 D:\\FYP\\ScholarMatch\\vendor\\pestphp\\pest\\src\\Factories\\TestCaseMethodFactory.php(177): P\\Tests\\Feature\\Student\\RecommendationTest->{closure:D:\\FYP\\ScholarMatch\\tests\\Feature\\Student\\RecommendationTest.php:87}()\n#61 [internal function]: P\\Tests\\Feature\\Student\\RecommendationTest->{closure:Pest\\Factories\\TestCaseMethodFactory::getClosure():167}()\n#62 D:\\FYP\\ScholarMatch\\vendor\\pestphp\\pest\\src\\Concerns\\Testable.php(581): call_user_func_array()\n#63 D:\\FYP\\ScholarMatch\\vendor\\pestphp\\pest\\src\\Support\\ExceptionTrace.php(26): P\\Tests\\Feature\\Student\\RecommendationTest->{closure:Pest\\Concerns\\Testable::__callClosure():581}()\n#64 D:\\FYP\\ScholarMatch\\vendor\\pestphp\\pest\\src\\Concerns\\Testable.php(581): Pest\\Support\\ExceptionTrace::ensure()\n#65 D:\\FYP\\ScholarMatch\\vendor\\pestphp\\pest\\src\\Concerns\\Testable.php(403): P\\Tests\\Feature\\Student\\RecommendationTest->__callClosure()\n#66 D:\\FYP\\ScholarMatch\\vendor\\pestphp\\pest\\src\\Factories\\TestCaseFactory.php(175) : eval()'d code(62): P\\Tests\\Feature\\Student\\RecommendationTest->__runTest()\n#67 D:\\FYP\\ScholarMatch\\vendor\\phpunit\\phpunit\\src\\Framework\\TestCase.php(1318): P\\Tests\\Feature\\Student\\RecommendationTest->__pest_evaluable_recommendations_detail_page_shows_full_scholarship_details()\n#68 D:\\FYP\\ScholarMatch\\vendor\\phpunit\\phpunit\\src\\Framework\\TestCase.php(1355): PHPUnit\\Framework\\TestCase->invokeTestMethod()\n#69 D:\\FYP\\ScholarMatch\\vendor\\phpunit\\phpunit\\src\\Framework\\TestCase.php(521): PHPUnit\\Framework\\TestCase->runTest()\n#70 D:\\FYP\\ScholarMatch\\vendor\\phpunit\\phpunit\\src\\Framework\\TestRunner\\TestRunner.php(99): PHPUnit\\Framework\\TestCase->runBare()\n#71 D:\\FYP\\ScholarMatch\\vendor\\phpunit\\phpunit\\src\\Framework\\TestCase.php(361): PHPUnit\\Framework\\TestRunner->run()\n#72 D:\\FYP\\ScholarMatch\\vendor\\phpunit\\phpunit\\src\\Framework\\TestSuite.php(374): PHPUnit\\Framework\\TestCase->run()\n#73 D:\\FYP\\ScholarMatch\\vendor\\phpunit\\phpunit\\src\\Framework\\TestSuite.php(374): PHPUnit\\Framework\\TestSuite->run()\n#74 D:\\FYP\\ScholarMatch\\vendor\\phpunit\\phpunit\\src\\Framework\\TestSuite.php(374): PHPUnit\\Framework\\TestSuite->run()\n#75 D:\\FYP\\ScholarMatch\\vendor\\phpunit\\phpunit\\src\\TextUI\\TestRunner.php(64): PHPUnit\\Framework\\TestSuite->run()\n#76 D:\\FYP\\ScholarMatch\\vendor\\phpunit\\phpunit\\src\\TextUI\\Application.php(229): PHPUnit\\TextUI\\TestRunner->run()\n#77 D:\\FYP\\ScholarMatch\\vendor\\pestphp\\pest\\src\\Kernel.php(117): PHPUnit\\TextUI\\Application->run()\n#78 D:\\FYP\\ScholarMatch\\vendor\\pestphp\\pest\\bin\\pest(207): Pest\\Kernel->handle()\n#79 D:\\FYP\\ScholarMatch\\vendor\\pestphp\\pest\\bin\\pest(215): {closure:D:\\FYP\\ScholarMatch\\vendor\\pestphp\\pest\\bin\\pest:21}()\n#80 {main}\n\nNext Illuminate\\View\\ViewException: syntax error, unexpected double-quote mark, expecting \")\" (View: D:\\FYP\\ScholarMatch\\resources\\views\\student\\recommendations\\show.blade.php) in D:\\FYP\\ScholarMatch\\storage\\framework\\views\\21c187586c9b6583c69fa39dbbb851df.php:109\nStack trace:\n#0 D:\\FYP\\ScholarMatch\\vendor\\laravel\\framework\\src\\Illuminate\\View\\Engines\\PhpEngine.php(59): Illuminate\\View\\Engines\\CompilerEngine->handleViewException()\n#1 D:\\FYP\\ScholarMatch\\vendor\\laravel\\framework\\src\\Illuminate\\View\\Engines\\CompilerEngine.php(76): Illuminate\\View\\Engines\\PhpEngine->evaluatePath()\n#2 D:\\FYP\\ScholarMatch\\vendor\\laravel\\framework\\src\\Illuminate\\View\\View.php(208): Illuminate\\View\\Engines\\CompilerEngine->get()\n#3 D:\\FYP\\ScholarMatch\\vendor\\laravel\\framework\\src\\Illuminate\\View\\View.php(191): Illuminate\\View\\View->getContents()\n#4 D:\\FYP\\ScholarMatch\\vendor\\laravel\\framework\\src\\Illuminate\\View\\View.php(160): Illuminate\\View\\View->renderContents()\n#5 D:\\FYP\\ScholarMatch\\vendor\\laravel\\framework\\src\\Illuminate\\Http\\Response.php(82): Illuminate\\View\\View->render()\n#6 D:\\FYP\\ScholarMatch\\vendor\\laravel\\framework\\src\\Illuminate\\Http\\Response.php(40): Illuminate\\Http\\Response->setContent()\n#7 D:\\FYP\\ScholarMatch\\vendor\\laravel\\framework\\src\\Illuminate\\Routing\\Router.php(939): Illuminate\\Http\\Response->__construct()\n#8 D:\\FYP\\ScholarMatch\\vendor\\laravel\\framework\\src\\Illuminate\\Routing\\Router.php(906): Illuminate\\Routing\\Router::toResponse()\n#9 D:\\FYP\\ScholarMatch\\vendor\\laravel\\framework\\src\\Illuminate\\Routing\\Router.php(821): Illuminate\\Routing\\Router->prepareResponse()\n#10 D:\\FYP\\ScholarMatch\\vendor\\laravel\\framework\\src\\Illuminate\\Pipeline\\Pipeline.php(180): Illuminate\\Routing\\Router->{closure:Illuminate\\Routing\\Router::runRouteWithinStack():821}()\n#11 D:\\FYP\\ScholarMatch\\app\\Http\\Middleware\\RoleMiddleware.php(23): Illuminate\\Pipeline\\Pipeline->{closure:Illuminate\\Pipeline\\Pipeline::prepareDestination():178}()\n#12 D:\\FYP\\ScholarMatch\\vendor\\laravel\\framework\\src\\Illuminate\\Pipeline\\Pipeline.php(219): App\\Http\\Middleware\\RoleMiddleware->handle()\n#13 D:\\FYP\\ScholarMatch\\vendor\\laravel\\framework\\src\\Illuminate\\Routing\\Middleware\\SubstituteBindings.php(52): Illuminate\\Pipeline\\Pipeline->{closure:{closure:Illuminate\\Pipeline\\Pipeline::carry():194}:195}()\n#14 D:\\FYP\\ScholarMatch\\vendor\\laravel\\framework\\src\\Illuminate\\Pipeline\\Pipeline.php(219): Illuminate\\Routing\\Middleware\\SubstituteBindings->handle()\n#15 D:\\FYP\\ScholarMatch\\vendor\\laravel\\framework\\src\\Illuminate\\Auth\\Middleware\\Authenticate.php(63): Illuminate\\Pipeline\\Pipeline->{closure:{closure:Illuminate\\Pipeline\\Pipeline::carry():194}:195}()\n#16 D:\\FYP\\ScholarMatch\\vendor\\laravel\\framework\\src\\Illuminate\\Pipeline\\Pipeline.php(219): Illuminate\\Auth\\Middleware\\Authenticate->handle()\n#17 D:\\FYP\\ScholarMatch\\vendor\\laravel\\framework\\src\\Illuminate\\Foundation\\Http\\Middleware\\PreventRequestForgery.php(104): Illuminate\\Pipeline\\Pipeline->{closure:{closure:Illuminate\\Pipeline\\Pipeline::carry():194}:195}()\n#18 D:\\FYP\\ScholarMatch\\vendor\\laravel\\framework\\src\\Illuminate\\Pipeline\\Pipeline.php(219): Illuminate\\Foundation\\Http\\Middleware\\PreventRequestForgery->handle()\n#19 D:\\FYP\\ScholarMatch\\vendor\\laravel\\framework\\src\\Illuminate\\View\\Middleware\\ShareErrorsFromSession.php(48): Illuminate\\Pipeline\\Pipeline->{closure:{closure:Illuminate\\Pipeline\\Pipeline::carry():194}:195}()\n#20 D:\\FYP\\ScholarMatch\\vendor\\laravel\\framework\\src\\Illuminate\\Pipeline\\Pipeline.php(219): Illuminate\\View\\Middleware\\ShareErrorsFromSession->handle()\n#21 D:\\FYP\\ScholarMatch\\vendor\\laravel\\framework\\src\\Illuminate\\Session\\Middleware\\StartSession.php(120): Illuminate\\Pipeline\\Pipeline->{closure:{closure:Illuminate\\Pipeline\\Pipeline::carry():194}:195}()\n#22 D:\\FYP\\ScholarMatch\\vendor\\laravel\\framework\\src\\Illuminate\\Session\\Middleware\\StartSession.php(63): Illuminate\\Session\\Middleware\\StartSession->handleStatefulRequest()\n#23 D:\\FYP\\ScholarMatch\\vendor\\laravel\\framework\\src\\Illuminate\\Pipeline\\Pipeline.php(219): Illuminate\\Session\\Middleware\\StartSession->handle()\n#24 D:\\FYP\\ScholarMatch\\vendor\\laravel\\framework\\src\\Illuminate\\Cookie\\Middleware\\AddQueuedCookiesToResponse.php(36): Illuminate\\Pipeline\\Pipeline->{closure:{closure:Illuminate\\Pipeline\\Pipeline::carry():194}:195}()\n#25 D:\\FYP\\ScholarMatch\\vendor\\laravel\\framework\\src\\Illuminate\\Pipeline\\Pipeline.php(219): Illuminate\\Cookie\\Middleware\\AddQueuedCookiesToResponse->handle()\n#26 D:\\FYP\\ScholarMatch\\vendor\\laravel\\framework\\src\\Illuminate\\Cookie\\Middleware\\EncryptCookies.php(74): Illuminate\\Pipeline\\Pipeline->{closure:{closure:Illuminate\\Pipeline\\Pipeline::carry():194}:195}()\n#27 D:\\FYP\\ScholarMatch\\vendor\\laravel\\framework\\src\\Illuminate\\Pipeline\\Pipeline.php(219): Illuminate\\Cookie\\Middleware\\EncryptCookies->handle()\n#28 D:\\FYP\\ScholarMatch\\vendor\\laravel\\framework\\src\\Illuminate\\Pipeline\\Pipeline.php(137): Illuminate\\Pipeline\\Pipeline->{closure:{closure:Illuminate\\Pipeline\\Pipeline::carry():194}:195}()\n#29 D:\\FYP\\ScholarMatch\\vendor\\laravel\\framework\\src\\Illuminate\\Routing\\Router.php(821): Illuminate\\Pipeline\\Pipeline->then()\n#30 D:\\FYP\\ScholarMatch\\vendor\\laravel\\framework\\src\\Illuminate\\Routing\\Router.php(800): Illuminate\\Routing\\Router->runRouteWithinStack()\n#31 D:\\FYP\\ScholarMatch\\vendor\\laravel\\framework\\src\\Illuminate\\Routing\\Router.php(764): Illuminate\\Routing\\Router->runRoute()\n#32 D:\\FYP\\ScholarMatch\\vendor\\laravel\\framework\\src\\Illuminate\\Routing\\Router.php(753): Illuminate\\Routing\\Router->dispatchToRoute()\n#33 D:\\FYP\\ScholarMatch\\vendor\\laravel\\framework\\src\\Illuminate\\Foundation\\Http\\Kernel.php(200): Illuminate\\Routing\\Router->dispatch()\n#34 D:\\FYP\\ScholarMatch\\vendor\\laravel\\framework\\src\\Illuminate\\Pipeline\\Pipeline.php(180): Illuminate\\Foundation\\Http\\Kernel->{closure:Illuminate\\Foundation\\Http\\Kernel::dispatchToRouter():197}()\n#35 D:\\FYP\\ScholarMatch\\vendor\\laravel\\framework\\src\\Illuminate\\Foundation\\Http\\Middleware\\TransformsRequest.php(21): Illuminate\\Pipeline\\Pipeline->{closure:Illuminate\\Pipeline\\Pipeline::prepareDestination():178}()\n#36 D:\\FYP\\ScholarMatch\\vendor\\laravel\\framework\\src\\Illuminate\\Foundation\\Http\\Middleware\\ConvertEmptyStringsToNull.php(31): Illuminate\\Foundation\\Http\\Middleware\\TransformsRequest->handle()\n#37 D:\\FYP\\ScholarMatch\\vendor\\laravel\\framework\\src\\Illuminate\\Pipeline\\Pipeline.php(219): Illuminate\\Foundation\\Http\\Middleware\\ConvertEmptyStringsToNull->handle()\n#38 D:\\FYP\\ScholarMatch\\vendor\\laravel\\framework\\src\\Illuminate\\Foundation\\Http\\Middleware\\TransformsRequest.php(21): Illuminate\\Pipeline\\Pipeline->{closure:{closure:Illuminate\\Pipeline\\Pipeline::carry():194}:195}()\n#39 D:\\FYP\\ScholarMatch\\vendor\\laravel\\framework\\src\\Illuminate\\Foundation\\Http\\Middleware\\TrimStrings.php(51): Illuminate\\Foundation\\Http\\Middleware\\TransformsRequest->handle()\n#40 D:\\FYP\\ScholarMatch\\vendor\\laravel\\framework\\src\\Illuminate\\Pipeline\\Pipeline.php(219): Illuminate\\Foundation\\Http\\Middleware\\TrimStrings->handle()\n#41 D:\\FYP\\ScholarMatch\\vendor\\laravel\\framework\\src\\Illuminate\\Http\\Middleware\\ValidatePostSize.php(27): Illuminate\\Pipeline\\Pipeline->{closure:{closure:Illuminate\\Pipeline\\Pipeline::carry():194}:195}()\n#42 D:\\FYP\\ScholarMatch\\vendor\\laravel\\framework\\src\\Illuminate\\Pipeline\\Pipeline.php(219): Illuminate\\Http\\Middleware\\ValidatePostSize->handle()\n#43 D:\\FYP\\ScholarMatch\\vendor\\laravel\\framework\\src\\Illuminate\\Foundation\\Http\\Middleware\\PreventRequestsDuringMaintenance.php(109): Illuminate\\Pipeline\\Pipeline->{closure:{closure:Illuminate\\Pipeline\\Pipeline::carry():194}:195}()\n#44 D:\\FYP\\ScholarMatch\\vendor\\laravel\\framework\\src\\Illuminate\\Pipeline\\Pipeline.php(219): Illuminate\\Foundation\\Http\\Middleware\\PreventRequestsDuringMaintenance->handle()\n#45 D:\\FYP\\ScholarMatch\\vendor\\laravel\\framework\\src\\Illuminate\\Http\\Middleware\\HandleCors.php(61): Illuminate\\Pipeline\\Pipeline->{closure:{closure:Illuminate\\Pipeline\\Pipeline::carry():194}:195}()\n#46 D:\\FYP\\ScholarMatch\\vendor\\laravel\\framework\\src\\Illuminate\\Pipeline\\Pipeline.php(219): Illuminate\\Http\\Middleware\\HandleCors->handle()\n#47 D:\\FYP\\ScholarMatch\\vendor\\laravel\\framework\\src\\Illuminate\\Http\\Middleware\\TrustProxies.php(58): Illuminate\\Pipeline\\Pipeline->{closure:{closure:Illuminate\\Pipeline\\Pipeline::carry():194}:195}()\n#48 D:\\FYP\\ScholarMatch\\vendor\\laravel\\framework\\src\\Illuminate\\Pipeline\\Pipeline.php(219): Illuminate\\Http\\Middleware\\TrustProxies->handle()\n#49 D:\\FYP\\ScholarMatch\\vendor\\laravel\\framework\\src\\Illuminate\\Foundation\\Http\\Middleware\\InvokeDeferredCallbacks.php(22): Illuminate\\Pipeline\\Pipeline->{closure:{closure:Illuminate\\Pipeline\\Pipeline::carry():194}:195}()\n#50 D:\\FYP\\ScholarMatch\\vendor\\laravel\\framework\\src\\Illuminate\\Pipeline\\Pipeline.php(219): Illuminate\\Foundation\\Http\\Middleware\\InvokeDeferredCallbacks->handle()\n#51 D:\\FYP\\ScholarMatch\\vendor\\laravel\\framework\\src\\Illuminate\\Http\\Middleware\\ValidatePathEncoding.php(28): Illuminate\\Pipeline\\Pipeline->{closure:{closure:Illuminate\\Pipeline\\Pipeline::carry():194}:195}()\n#52 D:\\FYP\\ScholarMatch\\vendor\\laravel\\framework\\src\\Illuminate\\Pipeline\\Pipeline.php(219): Illuminate\\Http\\Middleware\\ValidatePathEncoding->handle()\n#53 D:\\FYP\\ScholarMatch\\vendor\\laravel\\framework\\src\\Illuminate\\Pipeline\\Pipeline.php(137): Illuminate\\Pipeline\\Pipeline->{closure:{closure:Illuminate\\Pipeline\\Pipeline::carry():194}:195}()\n#54 D:\\FYP\\ScholarMatch\\vendor\\laravel\\framework\\src\\Illuminate\\Foundation\\Http\\Kernel.php(175): Illuminate\\Pipeline\\Pipeline->then()\n#55 D:\\FYP\\ScholarMatch\\vendor\\laravel\\framework\\src\\Illuminate\\Foundation\\Http\\Kernel.php(144): Illuminate\\Foundation\\Http\\Kernel->sendRequestThroughRouter()\n#56 D:\\FYP\\ScholarMatch\\vendor\\laravel\\framework\\src\\Illuminate\\Foundation\\Testing\\Concerns\\MakesHttpRequests.php(607): Illuminate\\Foundation\\Http\\Kernel->handle()\n#57 D:\\FYP\\ScholarMatch\\vendor\\laravel\\framework\\src\\Illuminate\\Foundation\\Testing\\Concerns\\MakesHttpRequests.php(368): Illuminate\\Foundation\\Testing\\TestCase->call()\n#58 D:\\FYP\\ScholarMatch\\tests\\Feature\\Student\\RecommendationTest.php(91): Illuminate\\Foundation\\Testing\\TestCase->get()\n#59 D:\\FYP\\ScholarMatch\\vendor\\pestphp\\pest\\src\\Factories\\TestCaseMethodFactory.php(177): P\\Tests\\Feature\\Student\\RecommendationTest->{closure:D:\\FYP\\ScholarMatch\\tests\\Feature\\Student\\RecommendationTest.php:87}()\n#60 [internal function]: P\\Tests\\Feature\\Student\\RecommendationTest->{closure:Pest\\Factories\\TestCaseMethodFactory::getClosure():167}()\n#61 D:\\FYP\\ScholarMatch\\vendor\\pestphp\\pest\\src\\Concerns\\Testable.php(581): call_user_func_array()\n#62 D:\\FYP\\ScholarMatch\\vendor\\pestphp\\pest\\src\\Support\\ExceptionTrace.php(26): P\\Tests\\Feature\\Student\\RecommendationTest->{closure:Pest\\Concerns\\Testable::__callClosure():581}()\n#63 D:\\FYP\\ScholarMatch\\vendor\\pestphp\\pest\\src\\Concerns\\Testable.php(581): Pest\\Support\\ExceptionTrace::ensure()\n#64 D:\\FYP\\ScholarMatch\\vendor\\pestphp\\pest\\src\\Concerns\\Testable.php(403): P\\Tests\\Feature\\Student\\RecommendationTest->__callClosure()\n#65 D:\\FYP\\ScholarMatch\\vendor\\pestphp\\pest\\src\\Factories\\TestCaseFactory.php(175) : eval()'d code(62): P\\Tests\\Feature\\Student\\RecommendationTest->__runTest()\n#66 D:\\FYP\\ScholarMatch\\vendor\\phpunit\\phpunit\\src\\Framework\\TestCase.php(1318): P\\Tests\\Feature\\Student\\RecommendationTest->__pest_evaluable_recommendations_detail_page_shows_full_scholarship_details()\n#67 D:\\FYP\\ScholarMatch\\vendor\\phpunit\\phpunit\\src\\Framework\\TestCase.php(1355): PHPUnit\\Framework\\TestCase->invokeTestMethod()\n#68 D:\\FYP\\ScholarMatch\\vendor\\phpunit\\phpunit\\src\\Framework\\TestCase.php(521): PHPUnit\\Framework\\TestCase->runTest()\n#69 D:\\FYP\\ScholarMatch\\vendor\\phpunit\\phpunit\\src\\Framework\\TestRunner\\TestRunner.php(99): PHPUnit\\Framework\\TestCase->runBare()\n#70 D:\\FYP\\ScholarMatch\\vendor\\phpunit\\phpunit\\src\\Framework\\TestCase.php(361): PHPUnit\\Framework\\TestRunner->run()\n#71 D:\\FYP\\ScholarMatch\\vendor\\phpunit\\phpunit\\src\\Framework\\TestSuite.php(374): PHPUnit\\Framework\\TestCase->run()\n#72 D:\\FYP\\ScholarMatch\\vendor\\phpunit\\phpunit\\src\\Framework\\TestSuite.php(374): PHPUnit\\Framework\\TestSuite->run()\n#73 D:\\FYP\\ScholarMatch\\vendor\\phpunit\\phpunit\\src\\Framework\\TestSuite.php(374): PHPUnit\\Framework\\TestSuite->run()\n#74 D:\\FYP\\ScholarMatch\\vendor\\phpunit\\phpunit\\src\\TextUI\\TestRunner.php(64): PHPUnit\\Framework\\TestSuite->run()\n#75 D:\\FYP\\ScholarMatch\\vendor\\phpunit\\phpunit\\src\\TextUI\\Application.php(229): PHPUnit\\TextUI\\TestRunner->run()\n#76 D:\\FYP\\ScholarMatch\\vendor\\pestphp\\pest\\src\\Kernel.php(117): PHPUnit\\TextUI\\Application->run()\n#77 D:\\FYP\\ScholarMatch\\vendor\\pestphp\\pest\\bin\\pest(207): Pest\\Kernel->handle()\n#78 D:\\FYP\\ScholarMatch\\vendor\\pestphp\\pest\\bin\\pest(215): {closure:D:\\FYP\\ScholarMatch\\vendor\\pestphp\\pest\\bin\\pest:21}()\n#79 {main}\n\n----------------------------------------------------------------------------------\n\nsyntax error, unexpected double-quote mark, expecting \")\" (View: D:\\FYP\\ScholarMatch\\resources\\views\\student\\recommendations\\show.blade.php)"},{"test":"P\\Tests\\Feature\\Student\\RecommendationTest::__pest_evaluable_recommendations_detail_shows_not_suitable_details_for_failed_hard_rule","file":"\\FYP\\ScholarMatch\\vendor\\laravel\\framework\\src\\Illuminate\\Testing\\TestResponseAssert.php","line":45,"message":"Expected response status code [200] but received 500.\nFailed asserting that 500 is identical to 200.\r\n\r\nThe following exception occurred during the last request:\n\nParseError: syntax error, unexpected double-quote mark, expecting \")\" in D:\\FYP\\ScholarMatch\\storage\\framework\\views\\21c187586c9b6583c69fa39dbbb851df.php:109\nStack trace:\n#0 D:\\FYP\\ScholarMatch\\vendor\\laravel\\framework\\src\\Illuminate\\Filesystem\\Filesystem.php(124): Illuminate\\Filesystem\\Filesystem::{closure:Illuminate\\Filesystem\\Filesystem::getRequire():120}()\n#1 D:\\FYP\\ScholarMatch\\vendor\\laravel\\framework\\src\\Illuminate\\View\\Engines\\PhpEngine.php(57): Illuminate\\Filesystem\\Filesystem->getRequire()\n#2 D:\\FYP\\ScholarMatch\\vendor\\laravel\\framework\\src\\Illuminate\\View\\Engines\\CompilerEngine.php(76): Illuminate\\View\\Engines\\PhpEngine->evaluatePath()\n#3 D:\\FYP\\ScholarMatch\\vendor\\laravel\\framework\\src\\Illuminate\\View\\View.php(208): Illuminate\\View\\Engines\\CompilerEngine->get()\n#4 D:\\FYP\\ScholarMatch\\vendor\\laravel\\framework\\src\\Illuminate\\View\\View.php(191): Illuminate\\View\\View->getContents()\n#5 D:\\FYP\\ScholarMatch\\vendor\\laravel\\framework\\src\\Illuminate\\View\\View.php(160): Illuminate\\View\\View->renderContents()\n#6 D:\\FYP\\ScholarMatch\\vendor\\laravel\\framework\\src\\Illuminate\\Http\\Response.php(82): Illuminate\\View\\View->render()\n#7 D:\\FYP\\ScholarMatch\\vendor\\laravel\\framework\\src\\Illuminate\\Http\\Response.php(40): Illuminate\\Http\\Response->setContent()\n#8 D:\\FYP\\ScholarMatch\\vendor\\laravel\\framework\\src\\Illuminate\\Routing\\Router.php(939): Illuminate\\Http\\Response->__construct()\n#9 D:\\FYP\\ScholarMatch\\vendor\\laravel\\framework\\src\\Illuminate\\Routing\\Router.php(906): Illuminate\\Routing\\Router::toResponse()\n#10 D:\\FYP\\ScholarMatch\\vendor\\laravel\\framework\\src\\Illuminate\\Routing\\Router.php(821): Illuminate\\Routing\\Router->prepareResponse()\n#11 D:\\FYP\\ScholarMatch\\vendor\\laravel\\framework\\src\\Illuminate\\Pipeline\\Pipeline.php(180): Illuminate\\Routing\\Router->{closure:Illuminate\\Routing\\Router::runRouteWithinStack():821}()\n#12 D:\\FYP\\ScholarMatch\\app\\Http\\Middleware\\RoleMiddleware.php(23): Illuminate\\Pipeline\\Pipeline->{closure:Illuminate\\Pipeline\\Pipeline::prepareDestination():178}()\n#13 D:\\FYP\\ScholarMatch\\vendor\\laravel\\framework\\src\\Illuminate\\Pipeline\\Pipeline.php(219): App\\Http\\Middleware\\RoleMiddleware->handle()\n#14 D:\\FYP\\ScholarMatch\\vendor\\laravel\\framework\\src\\Illuminate\\Routing\\Middleware\\SubstituteBindings.php(52): Illuminate\\Pipeline\\Pipeline->{closure:{closure:Illuminate\\Pipeline\\Pipeline::carry():194}:195}()\n#15 D:\\FYP\\ScholarMatch\\vendor\\laravel\\framework\\src\\Illuminate\\Pipeline\\Pipeline.php(219): Illuminate\\Routing\\Middleware\\SubstituteBindings->handle()\n#16 D:\\FYP\\ScholarMatch\\vendor\\laravel\\framework\\src\\Illuminate\\Auth\\Middleware\\Authenticate.php(63): Illuminate\\Pipeline\\Pipeline->{closure:{closure:Illuminate\\Pipeline\\Pipeline::carry():194}:195}()\n#17 D:\\FYP\\ScholarMatch\\vendor\\laravel\\framework\\src\\Illuminate\\Pipeline\\Pipeline.php(219): Illuminate\\Auth\\Middleware\\Authenticate->handle()\n#18 D:\\FYP\\ScholarMatch\\vendor\\laravel\\framework\\src\\Illuminate\\Foundation\\Http\\Middleware\\PreventRequestForgery.php(104): Illuminate\\Pipeline\\Pipeline->{closure:{closure:Illuminate\\Pipeline\\Pipeline::carry():194}:195}()\n#19 D:\\FYP\\ScholarMatch\\vendor\\laravel\\framework\\src\\Illuminate\\Pipeline\\Pipeline.php(219): Illuminate\\Foundation\\Http\\Middleware\\PreventRequestForgery->handle()\n#20 D:\\FYP\\ScholarMatch\\vendor\\laravel\\framework\\src\\Illuminate\\View\\Middleware\\ShareErrorsFromSession.php(48): Illuminate\\Pipeline\\Pipeline->{closure:{closure:Illuminate\\Pipeline\\Pipeline::carry():194}:195}()\n#21 D:\\FYP\\ScholarMatch\\vendor\\laravel\\framework\\src\\Illuminate\\Pipeline\\Pipeline.php(219): Illuminate\\View\\Middleware\\ShareErrorsFromSession->handle()\n#22 D:\\FYP\\ScholarMatch\\vendor\\laravel\\framework\\src\\Illuminate\\Session\\Middleware\\StartSession.php(120): Illuminate\\Pipeline\\Pipeline->{closure:{closure:Illuminate\\Pipeline\\Pipeline::carry():194}:195}()\n#23 D:\\FYP\\ScholarMatch\\vendor\\laravel\\framework\\src\\Illuminate\\Session\\Middleware\\StartSession.php(63): Illuminate\\Session\\Middleware\\StartSession->handleStatefulRequest()\n#24 D:\\FYP\\ScholarMatch\\vendor\\laravel\\framework\\src\\Illuminate\\Pipeline\\Pipeline.php(219): Illuminate\\Session\\Middleware\\StartSession->handle()\n#25 D:\\FYP\\ScholarMatch\\vendor\\laravel\\framework\\src\\Illuminate\\Cookie\\Middleware\\AddQueuedCookiesToResponse.php(36): Illuminate\\Pipeline\\Pipeline->{closure:{closure:Illuminate\\Pipeline\\Pipeline::carry():194}:195}()\n#26 D:\\FYP\\ScholarMatch\\vendor\\laravel\\framework\\src\\Illuminate\\Pipeline\\Pipeline.php(219): Illuminate\\Cookie\\Middleware\\AddQueuedCookiesToResponse->handle()\n#27 D:\\FYP\\ScholarMatch\\vendor\\laravel\\framework\\src\\Illuminate\\Cookie\\Middleware\\EncryptCookies.php(74): Illuminate\\Pipeline\\Pipeline->{closure:{closure:Illuminate\\Pipeline\\Pipeline::carry():194}:195}()\n#28 D:\\FYP\\ScholarMatch\\vendor\\laravel\\framework\\src\\Illuminate\\Pipeline\\Pipeline.php(219): Illuminate\\Cookie\\Middleware\\EncryptCookies->handle()\n#29 D:\\FYP\\ScholarMatch\\vendor\\laravel\\framework\\src\\Illuminate\\Pipeline\\Pipeline.php(137): Illuminate\\Pipeline\\Pipeline->{closure:{closure:Illuminate\\Pipeline\\Pipeline::carry():194}:195}()\n#30 D:\\FYP\\ScholarMatch\\vendor\\laravel\\framework\\src\\Illuminate\\Routing\\Router.php(821): Illuminate\\Pipeline\\Pipeline->then()\n#31 D:\\FYP\\ScholarMatch\\vendor\\laravel\\framework\\src\\Illuminate\\Routing\\Router.php(800): Illuminate\\Routing\\Router->runRouteWithinStack()\n#32 D:\\FYP\\ScholarMatch\\vendor\\laravel\\framework\\src\\Illuminate\\Routing\\Router.php(764): Illuminate\\Routing\\Router->runRoute()\n#33 D:\\FYP\\ScholarMatch\\vendor\\laravel\\framework\\src\\Illuminate\\Routing\\Router.php(753): Illuminate\\Routing\\Router->dispatchToRoute()\n#34 D:\\FYP\\ScholarMatch\\vendor\\laravel\\framework\\src\\Illuminate\\Foundation\\Http\\Kernel.php(200): Illuminate\\Routing\\Router->dispatch()\n#35 D:\\FYP\\ScholarMatch\\vendor\\laravel\\framework\\src\\Illuminate\\Pipeline\\Pipeline.php(180): Illuminate\\Foundation\\Http\\Kernel->{closure:Illuminate\\Foundation\\Http\\Kernel::dispatchToRouter():197}()\n#36 D:\\FYP\\ScholarMatch\\vendor\\laravel\\framework\\src\\Illuminate\\Foundation\\Http\\Middleware\\TransformsRequest.php(21): Illuminate\\Pipeline\\Pipeline->{closure:Illuminate\\Pipeline\\Pipeline::prepareDestination():178}()\n#37 D:\\FYP\\ScholarMatch\\vendor\\laravel\\framework\\src\\Illuminate\\Foundation\\Http\\Middleware\\ConvertEmptyStringsToNull.php(31): Illuminate\\Foundation\\Http\\Middleware\\TransformsRequest->handle()\n#38 D:\\FYP\\ScholarMatch\\vendor\\laravel\\framework\\src\\Illuminate\\Pipeline\\Pipeline.php(219): Illuminate\\Foundation\\Http\\Middleware\\ConvertEmptyStringsToNull->handle()\n#39 D:\\FYP\\ScholarMatch\\vendor\\laravel\\framework\\src\\Illuminate\\Foundation\\Http\\Middleware\\TransformsRequest.php(21): Illuminate\\Pipeline\\Pipeline->{closure:{closure:Illuminate\\Pipeline\\Pipeline::carry():194}:195}()\n#40 D:\\FYP\\ScholarMatch\\vendor\\laravel\\framework\\src\\Illuminate\\Foundation\\Http\\Middleware\\TrimStrings.php(51): Illuminate\\Foundation\\Http\\Middleware\\TransformsRequest->handle()\n#41 D:\\FYP\\ScholarMatch\\vendor\\laravel\\framework\\src\\Illuminate\\Pipeline\\Pipeline.php(219): Illuminate\\Foundation\\Http\\Middleware\\TrimStrings->handle()\n#42 D:\\FYP\\ScholarMatch\\vendor\\laravel\\framework\\src\\Illuminate\\Http\\Middleware\\ValidatePostSize.php(27): Illuminate\\Pipeline\\Pipeline->{closure:{closure:Illuminate\\Pipeline\\Pipeline::carry():194}:195}()\n#43 D:\\FYP\\ScholarMatch\\vendor\\laravel\\framework\\src\\Illuminate\\Pipeline\\Pipeline.php(219): Illuminate\\Http\\Middleware\\ValidatePostSize->handle()\n#44 D:\\FYP\\ScholarMatch\\vendor\\laravel\\framework\\src\\Illuminate\\Foundation\\Http\\Middleware\\PreventRequestsDuringMaintenance.php(109): Illuminate\\Pipeline\\Pipeline->{closure:{closure:Illuminate\\Pipeline\\Pipeline::carry():194}:195}()\n#45 D:\\FYP\\ScholarMatch\\vendor\\laravel\\framework\\src\\Illuminate\\Pipeline\\Pipeline.php(219): Illuminate\\Foundation\\Http\\Middleware\\PreventRequestsDuringMaintenance->handle()\n#46 D:\\FYP\\ScholarMatch\\vendor\\laravel\\framework\\src\\Illuminate\\Http\\Middleware\\HandleCors.php(61): Illuminate\\Pipeline\\Pipeline->{closure:{closure:Illuminate\\Pipeline\\Pipeline::carry():194}:195}()\n#47 D:\\FYP\\ScholarMatch\\vendor\\laravel\\framework\\src\\Illuminate\\Pipeline\\Pipeline.php(219): Illuminate\\Http\\Middleware\\HandleCors->handle()\n#48 D:\\FYP\\ScholarMatch\\vendor\\laravel\\framework\\src\\Illuminate\\Http\\Middleware\\TrustProxies.php(58): Illuminate\\Pipeline\\Pipeline->{closure:{closure:Illuminate\\Pipeline\\Pipeline::carry():194}:195}()\n#49 D:\\FYP\\ScholarMatch\\vendor\\laravel\\framework\\src\\Illuminate\\Pipeline\\Pipeline.php(219): Illuminate\\Http\\Middleware\\TrustProxies->handle()\n#50 D:\\FYP\\ScholarMatch\\vendor\\laravel\\framework\\src\\Illuminate\\Foundation\\Http\\Middleware\\InvokeDeferredCallbacks.php(22): Illuminate\\Pipeline\\Pipeline->{closure:{closure:Illuminate\\Pipeline\\Pipeline::carry():194}:195}()\n#51 D:\\FYP\\ScholarMatch\\vendor\\laravel\\framework\\src\\Illuminate\\Pipeline\\Pipeline.php(219): Illuminate\\Foundation\\Http\\Middleware\\InvokeDeferredCallbacks->handle()\n#52 D:\\FYP\\ScholarMatch\\vendor\\laravel\\framework\\src\\Illuminate\\Http\\Middleware\\ValidatePathEncoding.php(28): Illuminate\\Pipeline\\Pipeline->{closure:{closure:Illuminate\\Pipeline\\Pipeline::carry():194}:195}()\n#53 D:\\FYP\\ScholarMatch\\vendor\\laravel\\framework\\src\\Illuminate\\Pipeline\\Pipeline.php(219): Illuminate\\Http\\Middleware\\ValidatePathEncoding->handle()\n#54 D:\\FYP\\ScholarMatch\\vendor\\laravel\\framework\\src\\Illuminate\\Pipeline\\Pipeline.php(137): Illuminate\\Pipeline\\Pipeline->{closure:{closure:Illuminate\\Pipeline\\Pipeline::carry():194}:195}()\n#55 D:\\FYP\\ScholarMatch\\vendor\\laravel\\framework\\src\\Illuminate\\Foundation\\Http\\Kernel.php(175): Illuminate\\Pipeline\\Pipeline->then()\n#56 D:\\FYP\\ScholarMatch\\vendor\\laravel\\framework\\src\\Illuminate\\Foundation\\Http\\Kernel.php(144): Illuminate\\Foundation\\Http\\Kernel->sendRequestThroughRouter()\n#57 D:\\FYP\\ScholarMatch\\vendor\\laravel\\framework\\src\\Illuminate\\Foundation\\Testing\\Concerns\\MakesHttpRequests.php(607): Illuminate\\Foundation\\Http\\Kernel->handle()\n#58 D:\\FYP\\ScholarMatch\\vendor\\laravel\\framework\\src\\Illuminate\\Foundation\\Testing\\Concerns\\MakesHttpRequests.php(368): Illuminate\\Foundation\\Testing\\TestCase->call()\n#59 D:\\FYP\\ScholarMatch\\tests\\Feature\\Student\\RecommendationTest.php(113): Illuminate\\Foundation\\Testing\\TestCase->get()\n#60 D:\\FYP\\ScholarMatch\\vendor\\pestphp\\pest\\src\\Factories\\TestCaseMethodFactory.php(177): P\\Tests\\Feature\\Student\\RecommendationTest->{closure:D:\\FYP\\ScholarMatch\\tests\\Feature\\Student\\RecommendationTest.php:109}()\n#61 [internal function]: P\\Tests\\Feature\\Student\\RecommendationTest->{closure:Pest\\Factories\\TestCaseMethodFactory::getClosure():167}()\n#62 D:\\FYP\\ScholarMatch\\vendor\\pestphp\\pest\\src\\Concerns\\Testable.php(581): call_user_func_array()\n#63 D:\\FYP\\ScholarMatch\\vendor\\pestphp\\pest\\src\\Support\\ExceptionTrace.php(26): P\\Tests\\Feature\\Student\\RecommendationTest->{closure:Pest\\Concerns\\Testable::__callClosure():581}()\n#64 D:\\FYP\\ScholarMatch\\vendor\\pestphp\\pest\\src\\Concerns\\Testable.php(581): Pest\\Support\\ExceptionTrace::ensure()\n#65 D:\\FYP\\ScholarMatch\\vendor\\pestphp\\pest\\src\\Concerns\\Testable.php(403): P\\Tests\\Feature\\Student\\RecommendationTest->__callClosure()\n#66 D:\\FYP\\ScholarMatch\\vendor\\pestphp\\pest\\src\\Factories\\TestCaseFactory.php(175) : eval()'d code(71): P\\Tests\\Feature\\Student\\RecommendationTest->__runTest()\n#67 D:\\FYP\\ScholarMatch\\vendor\\phpunit\\phpunit\\src\\Framework\\TestCase.php(1318): P\\Tests\\Feature\\Student\\RecommendationTest->__pest_evaluable_recommendations_detail_shows_not_suitable_details_for_failed_hard_rule()\n#68 D:\\FYP\\ScholarMatch\\vendor\\phpunit\\phpunit\\src\\Framework\\TestCase.php(1355): PHPUnit\\Framework\\TestCase->invokeTestMethod()\n#69 D:\\FYP\\ScholarMatch\\vendor\\phpunit\\phpunit\\src\\Framework\\TestCase.php(521): PHPUnit\\Framework\\TestCase->runTest()\n#70 D:\\FYP\\ScholarMatch\\vendor\\phpunit\\phpunit\\src\\Framework\\TestRunner\\TestRunner.php(99): PHPUnit\\Framework\\TestCase->runBare()\n#71 D:\\FYP\\ScholarMatch\\vendor\\phpunit\\phpunit\\src\\Framework\\TestCase.php(361): PHPUnit\\Framework\\TestRunner->run()\n#72 D:\\FYP\\ScholarMatch\\vendor\\phpunit\\phpunit\\src\\Framework\\TestSuite.php(374): PHPUnit\\Framework\\TestCase->run()\n#73 D:\\FYP\\ScholarMatch\\vendor\\phpunit\\phpunit\\src\\Framework\\TestSuite.php(374): PHPUnit\\Framework\\TestSuite->run()\n#74 D:\\FYP\\ScholarMatch\\vendor\\phpunit\\phpunit\\src\\Framework\\TestSuite.php(374): PHPUnit\\Framework\\TestSuite->run()\n#75 D:\\FYP\\ScholarMatch\\vendor\\phpunit\\phpunit\\src\\TextUI\\TestRunner.php(64): PHPUnit\\Framework\\TestSuite->run()\n#76 D:\\FYP\\ScholarMatch\\vendor\\phpunit\\phpunit\\src\\TextUI\\Application.php(229): PHPUnit\\TextUI\\TestRunner->run()\n#77 D:\\FYP\\ScholarMatch\\vendor\\pestphp\\pest\\src\\Kernel.php(117): PHPUnit\\TextUI\\Application->run()\n#78 D:\\FYP\\ScholarMatch\\vendor\\pestphp\\pest\\bin\\pest(207): Pest\\Kernel->handle()\n#79 D:\\FYP\\ScholarMatch\\vendor\\pestphp\\pest\\bin\\pest(215): {closure:D:\\FYP\\ScholarMatch\\vendor\\pestphp\\pest\\bin\\pest:21}()\n#80 {main}\n\nNext Illuminate\\View\\ViewException: syntax error, unexpected double-quote mark, expecting \")\" (View: D:\\FYP\\ScholarMatch\\resources\\views\\student\\recommendations\\show.blade.php) in D:\\FYP\\ScholarMatch\\storage\\framework\\views\\21c187586c9b6583c69fa39dbbb851df.php:109\nStack trace:\n#0 D:\\FYP\\ScholarMatch\\vendor\\laravel\\framework\\src\\Illuminate\\View\\Engines\\PhpEngine.php(59): Illuminate\\View\\Engines\\CompilerEngine->handleViewException()\n#1 D:\\FYP\\ScholarMatch\\vendor\\laravel\\framework\\src\\Illuminate\\View\\Engines\\CompilerEngine.php(76): Illuminate\\View\\Engines\\PhpEngine->evaluatePath()\n#2 D:\\FYP\\ScholarMatch\\vendor\\laravel\\framework\\src\\Illuminate\\View\\View.php(208): Illuminate\\View\\Engines\\CompilerEngine->get()\n#3 D:\\FYP\\ScholarMatch\\vendor\\laravel\\framework\\src\\Illuminate\\View\\View.php(191): Illuminate\\View\\View->getContents()\n#4 D:\\FYP\\ScholarMatch\\vendor\\laravel\\framework\\src\\Illuminate\\View\\View.php(160): Illuminate\\View\\View->renderContents()\n#5 D:\\FYP\\ScholarMatch\\vendor\\laravel\\framework\\src\\Illuminate\\Http\\Response.php(82): Illuminate\\View\\View->render()\n#6 D:\\FYP\\ScholarMatch\\vendor\\laravel\\framework\\src\\Illuminate\\Http\\Response.php(40): Illuminate\\Http\\Response->setContent()\n#7 D:\\FYP\\ScholarMatch\\vendor\\laravel\\framework\\src\\Illuminate\\Routing\\Router.php(939): Illuminate\\Http\\Response->__construct()\n#8 D:\\FYP\\ScholarMatch\\vendor\\laravel\\framework\\src\\Illuminate\\Routing\\Router.php(906): Illuminate\\Routing\\Router::toResponse()\n#9 D:\\FYP\\ScholarMatch\\vendor\\laravel\\framework\\src\\Illuminate\\Routing\\Router.php(821): Illuminate\\Routing\\Router->prepareResponse()\n#10 D:\\FYP\\ScholarMatch\\vendor\\laravel\\framework\\src\\Illuminate\\Pipeline\\Pipeline.php(180): Illuminate\\Routing\\Router->{closure:Illuminate\\Routing\\Router::runRouteWithinStack():821}()\n#11 D:\\FYP\\ScholarMatch\\app\\Http\\Middleware\\RoleMiddleware.php(23): Illuminate\\Pipeline\\Pipeline->{closure:Illuminate\\Pipeline\\Pipeline::prepareDestination():178}()\n#12 D:\\FYP\\ScholarMatch\\vendor\\laravel\\framework\\src\\Illuminate\\Pipeline\\Pipeline.php(219): App\\Http\\Middleware\\RoleMiddleware->handle()\n#13 D:\\FYP\\ScholarMatch\\vendor\\laravel\\framework\\src\\Illuminate\\Routing\\Middleware\\SubstituteBindings.php(52): Illuminate\\Pipeline\\Pipeline->{closure:{closure:Illuminate\\Pipeline\\Pipeline::carry():194}:195}()\n#14 D:\\FYP\\ScholarMatch\\vendor\\laravel\\framework\\src\\Illuminate\\Pipeline\\Pipeline.php(219): Illuminate\\Routing\\Middleware\\SubstituteBindings->handle()\n#15 D:\\FYP\\ScholarMatch\\vendor\\laravel\\framework\\src\\Illuminate\\Auth\\Middleware\\Authenticate.php(63): Illuminate\\Pipeline\\Pipeline->{closure:{closure:Illuminate\\Pipeline\\Pipeline::carry():194}:195}()\n#16 D:\\FYP\\ScholarMatch\\vendor\\laravel\\framework\\src\\Illuminate\\Pipeline\\Pipeline.php(219): Illuminate\\Auth\\Middleware\\Authenticate->handle()\n#17 D:\\FYP\\ScholarMatch\\vendor\\laravel\\framework\\src\\Illuminate\\Foundation\\Http\\Middleware\\PreventRequestForgery.php(104): Illuminate\\Pipeline\\Pipeline->{closure:{closure:Illuminate\\Pipeline\\Pipeline::carry():194}:195}()\n#18 D:\\FYP\\ScholarMatch\\vendor\\laravel\\framework\\src\\Illuminate\\Pipeline\\Pipeline.php(219): Illuminate\\Foundation\\Http\\Middleware\\PreventRequestForgery->handle()\n#19 D:\\FYP\\ScholarMatch\\vendor\\laravel\\framework\\src\\Illuminate\\View\\Middleware\\ShareErrorsFromSession.php(48): Illuminate\\Pipeline\\Pipeline->{closure:{closure:Illuminate\\Pipeline\\Pipeline::carry():194}:195}()\n#20 D:\\FYP\\ScholarMatch\\vendor\\laravel\\framework\\src\\Illuminate\\Pipeline\\Pipeline.php(219): Illuminate\\View\\Middleware\\ShareErrorsFromSession->handle()\n#21 D:\\FYP\\ScholarMatch\\vendor\\laravel\\framework\\src\\Illuminate\\Session\\Middleware\\StartSession.php(120): Illuminate\\Pipeline\\Pipeline->{closure:{closure:Illuminate\\Pipeline\\Pipeline::carry():194}:195}()\n#22 D:\\FYP\\ScholarMatch\\vendor\\laravel\\framework\\src\\Illuminate\\Session\\Middleware\\StartSession.php(63): Illuminate\\Session\\Middleware\\StartSession->handleStatefulRequest()\n#23 D:\\FYP\\ScholarMatch\\vendor\\laravel\\framework\\src\\Illuminate\\Pipeline\\Pipeline.php(219): Illuminate\\Session\\Middleware\\StartSession->handle()\n#24 D:\\FYP\\ScholarMatch\\vendor\\laravel\\framework\\src\\Illuminate\\Cookie\\Middleware\\AddQueuedCookiesToResponse.php(36): Illuminate\\Pipeline\\Pipeline->{closure:{closure:Illuminate\\Pipeline\\Pipeline::carry():194}:195}()\n#25 D:\\FYP\\ScholarMatch\\vendor\\laravel\\framework\\src\\Illuminate\\Pipeline\\Pipeline.php(219): Illuminate\\Cookie\\Middleware\\AddQueuedCookiesToResponse->handle()\n#26 D:\\FYP\\ScholarMatch\\vendor\\laravel\\framework\\src\\Illuminate\\Cookie\\Middleware\\EncryptCookies.php(74): Illuminate\\Pipeline\\Pipeline->{closure:{closure:Illuminate\\Pipeline\\Pipeline::carry():194}:195}()\n#27 D:\\FYP\\ScholarMatch\\vendor\\laravel\\framework\\src\\Illuminate\\Pipeline\\Pipeline.php(219): Illuminate\\Cookie\\Middleware\\EncryptCookies->handle()\n#28 D:\\FYP\\ScholarMatch\\vendor\\laravel\\framework\\src\\Illuminate\\Pipeline\\Pipeline.php(137): Illuminate\\Pipeline\\Pipeline->{closure:{closure:Illuminate\\Pipeline\\Pipeline::carry():194}:195}()\n#29 D:\\FYP\\ScholarMatch\\vendor\\laravel\\framework\\src\\Illuminate\\Routing\\Router.php(821): Illuminate\\Pipeline\\Pipeline->then()\n#30 D:\\FYP\\ScholarMatch\\vendor\\laravel\\framework\\src\\Illuminate\\Routing\\Router.php(800): Illuminate\\Routing\\Router->runRouteWithinStack()\n#31 D:\\FYP\\ScholarMatch\\vendor\\laravel\\framework\\src\\Illuminate\\Routing\\Router.php(764): Illuminate\\Routing\\Router->runRoute()\n#32 D:\\FYP\\ScholarMatch\\vendor\\laravel\\framework\\src\\Illuminate\\Routing\\Router.php(753): Illuminate\\Routing\\Router->dispatchToRoute()\n#33 D:\\FYP\\ScholarMatch\\vendor\\laravel\\framework\\src\\Illuminate\\Foundation\\Http\\Kernel.php(200): Illuminate\\Routing\\Router->dispatch()\n#34 D:\\FYP\\ScholarMatch\\vendor\\laravel\\framework\\src\\Illuminate\\Pipeline\\Pipeline.php(180): Illuminate\\Foundation\\Http\\Kernel->{closure:Illuminate\\Foundation\\Http\\Kernel::dispatchToRouter():197}()\n#35 D:\\FYP\\ScholarMatch\\vendor\\laravel\\framework\\src\\Illuminate\\Foundation\\Http\\Middleware\\TransformsRequest.php(21): Illuminate\\Pipeline\\Pipeline->{closure:Illuminate\\Pipeline\\Pipeline::prepareDestination():178}()\n#36 D:\\FYP\\ScholarMatch\\vendor\\laravel\\framework\\src\\Illuminate\\Foundation\\Http\\Middleware\\ConvertEmptyStringsToNull.php(31): Illuminate\\Foundation\\Http\\Middleware\\TransformsRequest->handle()\n#37 D:\\FYP\\ScholarMatch\\vendor\\laravel\\framework\\src\\Illuminate\\Pipeline\\Pipeline.php(219): Illuminate\\Foundation\\Http\\Middleware\\ConvertEmptyStringsToNull->handle()\n#38 D:\\FYP\\ScholarMatch\\vendor\\laravel\\framework\\src\\Illuminate\\Foundation\\Http\\Middleware\\TransformsRequest.php(21): Illuminate\\Pipeline\\Pipeline->{closure:{closure:Illuminate\\Pipeline\\Pipeline::carry():194}:195}()\n#39 D:\\FYP\\ScholarMatch\\vendor\\laravel\\framework\\src\\Illuminate\\Foundation\\Http\\Middleware\\TrimStrings.php(51): Illuminate\\Foundation\\Http\\Middleware\\TransformsRequest->handle()\n#40 D:\\FYP\\ScholarMatch\\vendor\\laravel\\framework\\src\\Illuminate\\Pipeline\\Pipeline.php(219): Illuminate\\Foundation\\Http\\Middleware\\TrimStrings->handle()\n#41 D:\\FYP\\ScholarMatch\\vendor\\laravel\\framework\\src\\Illuminate\\Http\\Middleware\\ValidatePostSize.php(27): Illuminate\\Pipeline\\Pipeline->{closure:{closure:Illuminate\\Pipeline\\Pipeline::carry():194}:195}()\n#42 D:\\FYP\\ScholarMatch\\vendor\\laravel\\framework\\src\\Illuminate\\Pipeline\\Pipeline.php(219): Illuminate\\Http\\Middleware\\ValidatePostSize->handle()\n#43 D:\\FYP\\ScholarMatch\\vendor\\laravel\\framework\\src\\Illuminate\\Foundation\\Http\\Middleware\\PreventRequestsDuringMaintenance.php(109): Illuminate\\Pipeline\\Pipeline->{closure:{closure:Illuminate\\Pipeline\\Pipeline::carry():194}:195}()\n#44 D:\\FYP\\ScholarMatch\\vendor\\laravel\\framework\\src\\Illuminate\\Pipeline\\Pipeline.php(219): Illuminate\\Foundation\\Http\\Middleware\\PreventRequestsDuringMaintenance->handle()\n#45 D:\\FYP\\ScholarMatch\\vendor\\laravel\\framework\\src\\Illuminate\\Http\\Middleware\\HandleCors.php(61): Illuminate\\Pipeline\\Pipeline->{closure:{closure:Illuminate\\Pipeline\\Pipeline::carry():194}:195}()\n#46 D:\\FYP\\ScholarMatch\\vendor\\laravel\\framework\\src\\Illuminate\\Pipeline\\Pipeline.php(219): Illuminate\\Http\\Middleware\\HandleCors->handle()\n#47 D:\\FYP\\ScholarMatch\\vendor\\laravel\\framework\\src\\Illuminate\\Http\\Middleware\\TrustProxies.php(58): Illuminate\\Pipeline\\Pipeline->{closure:{closure:Illuminate\\Pipeline\\Pipeline::carry():194}:195}()\n#48 D:\\FYP\\ScholarMatch\\vendor\\laravel\\framework\\src\\Illuminate\\Pipeline\\Pipeline.php(219): Illuminate\\Http\\Middleware\\TrustProxies->handle()\n#49 D:\\FYP\\ScholarMatch\\vendor\\laravel\\framework\\src\\Illuminate\\Foundation\\Http\\Middleware\\InvokeDeferredCallbacks.php(22): Illuminate\\Pipeline\\Pipeline->{closure:{closure:Illuminate\\Pipeline\\Pipeline::carry():194}:195}()\n#50 D:\\FYP\\ScholarMatch\\vendor\\laravel\\framework\\src\\Illuminate\\Pipeline\\Pipeline.php(219): Illuminate\\Foundation\\Http\\Middleware\\InvokeDeferredCallbacks->handle()\n#51 D:\\FYP\\ScholarMatch\\vendor\\laravel\\framework\\src\\Illuminate\\Http\\Middleware\\ValidatePathEncoding.php(28): Illuminate\\Pipeline\\Pipeline->{closure:{closure:Illuminate\\Pipeline\\Pipeline::carry():194}:195}()\n#52 D:\\FYP\\ScholarMatch\\vendor\\laravel\\framework\\src\\Illuminate\\Pipeline\\Pipeline.php(219): Illuminate\\Http\\Middleware\\ValidatePathEncoding->handle()\n#53 D:\\FYP\\ScholarMatch\\vendor\\laravel\\framework\\src\\Illuminate\\Pipeline\\Pipeline.php(137): Illuminate\\Pipeline\\Pipeline->{closure:{closure:Illuminate\\Pipeline\\Pipeline::carry():194}:195}()\n#54 D:\\FYP\\ScholarMatch\\vendor\\laravel\\framework\\src\\Illuminate\\Foundation\\Http\\Kernel.php(175): Illuminate\\Pipeline\\Pipeline->then()\n#55 D:\\FYP\\ScholarMatch\\vendor\\laravel\\framework\\src\\Illuminate\\Foundation\\Http\\Kernel.php(144): Illuminate\\Foundation\\Http\\Kernel->sendRequestThroughRouter()\n#56 D:\\FYP\\ScholarMatch\\vendor\\laravel\\framework\\src\\Illuminate\\Foundation\\Testing\\Concerns\\MakesHttpRequests.php(607): Illuminate\\Foundation\\Http\\Kernel->handle()\n#57 D:\\FYP\\ScholarMatch\\vendor\\laravel\\framework\\src\\Illuminate\\Foundation\\Testing\\Concerns\\MakesHttpRequests.php(368): Illuminate\\Foundation\\Testing\\TestCase->call()\n#58 D:\\FYP\\ScholarMatch\\tests\\Feature\\Student\\RecommendationTest.php(113): Illuminate\\Foundation\\Testing\\TestCase->get()\n#59 D:\\FYP\\ScholarMatch\\vendor\\pestphp\\pest\\src\\Factories\\TestCaseMethodFactory.php(177): P\\Tests\\Feature\\Student\\RecommendationTest->{closure:D:\\FYP\\ScholarMatch\\tests\\Feature\\Student\\RecommendationTest.php:109}()\n#60 [internal function]: P\\Tests\\Feature\\Student\\RecommendationTest->{closure:Pest\\Factories\\TestCaseMethodFactory::getClosure():167}()\n#61 D:\\FYP\\ScholarMatch\\vendor\\pestphp\\pest\\src\\Concerns\\Testable.php(581): call_user_func_array()\n#62 D:\\FYP\\ScholarMatch\\vendor\\pestphp\\pest\\src\\Support\\ExceptionTrace.php(26): P\\Tests\\Feature\\Student\\RecommendationTest->{closure:Pest\\Concerns\\Testable::__callClosure():581}()\n#63 D:\\FYP\\ScholarMatch\\vendor\\pestphp\\pest\\src\\Concerns\\Testable.php(581): Pest\\Support\\ExceptionTrace::ensure()\n#64 D:\\FYP\\ScholarMatch\\vendor\\pestphp\\pest\\src\\Concerns\\Testable.php(403): P\\Tests\\Feature\\Student\\RecommendationTest->__callClosure()\n#65 D:\\FYP\\ScholarMatch\\vendor\\pestphp\\pest\\src\\Factories\\TestCaseFactory.php(175) : eval()'d code(71): P\\Tests\\Feature\\Student\\RecommendationTest->__runTest()\n#66 D:\\FYP\\ScholarMatch\\vendor\\phpunit\\phpunit\\src\\Framework\\TestCase.php(1318): P\\Tests\\Feature\\Student\\RecommendationTest->__pest_evaluable_recommendations_detail_shows_not_suitable_details_for_failed_hard_rule()\n#67 D:\\FYP\\ScholarMatch\\vendor\\phpunit\\phpunit\\src\\Framework\\TestCase.php(1355): PHPUnit\\Framework\\TestCase->invokeTestMethod()\n#68 D:\\FYP\\ScholarMatch\\vendor\\phpunit\\phpunit\\src\\Framework\\TestCase.php(521): PHPUnit\\Framework\\TestCase->runTest()\n#69 D:\\FYP\\ScholarMatch\\vendor\\phpunit\\phpunit\\src\\Framework\\TestRunner\\TestRunner.php(99): PHPUnit\\Framework\\TestCase->runBare()\n#70 D:\\FYP\\ScholarMatch\\vendor\\phpunit\\phpunit\\src\\Framework\\TestCase.php(361): PHPUnit\\Framework\\TestRunner->run()\n#71 D:\\FYP\\ScholarMatch\\vendor\\phpunit\\phpunit\\src\\Framework\\TestSuite.php(374): PHPUnit\\Framework\\TestCase->run()\n#72 D:\\FYP\\ScholarMatch\\vendor\\phpunit\\phpunit\\src\\Framework\\TestSuite.php(374): PHPUnit\\Framework\\TestSuite->run()\n#73 D:\\FYP\\ScholarMatch\\vendor\\phpunit\\phpunit\\src\\Framework\\TestSuite.php(374): PHPUnit\\Framework\\TestSuite->run()\n#74 D:\\FYP\\ScholarMatch\\vendor\\phpunit\\phpunit\\src\\TextUI\\TestRunner.php(64): PHPUnit\\Framework\\TestSuite->run()\n#75 D:\\FYP\\ScholarMatch\\vendor\\phpunit\\phpunit\\src\\TextUI\\Application.php(229): PHPUnit\\TextUI\\TestRunner->run()\n#76 D:\\FYP\\ScholarMatch\\vendor\\pestphp\\pest\\src\\Kernel.php(117): PHPUnit\\TextUI\\Application->run()\n#77 D:\\FYP\\ScholarMatch\\vendor\\pestphp\\pest\\bin\\pest(207): Pest\\Kernel->handle()\n#78 D:\\FYP\\ScholarMatch\\vendor\\pestphp\\pest\\bin\\pest(215): {closure:D:\\FYP\\ScholarMatch\\vendor\\pestphp\\pest\\bin\\pest:21}()\n#79 {main}\n\n----------------------------------------------------------------------------------\n\nsyntax error, unexpected double-quote mark, expecting \")\" (View: D:\\FYP\\ScholarMatch\\resources\\views\\student\\recommendations\\show.blade.php)"},{"test":"P\\Tests\\Feature\\Student\\SavedScholarshipTest::__pest_evaluable_student_can_remove_saved_scholarship","file":"\\FYP\\ScholarMatch\\vendor\\laravel\\framework\\src\\Illuminate\\Testing\\TestResponseAssert.php","line":45,"message":"Failed asserting that two strings are equal.\n--- Expected\n+++ Actual\n@@ @@\n-'http://localhost/student/saved-scholarships'\n+'http://localhost'"},{"test":"P\\Tests\\Feature\\Student\\SavedScholarshipTest::__pest_evaluable_student_cannot_save_duplicate_scholarship","file":"\\FYP\\ScholarMatch\\vendor\\laravel\\framework\\src\\Illuminate\\Testing\\TestResponseAssert.php","line":45,"message":"Session is missing expected key [errors].\nFailed asserting that false is true."}],"errors":9,"error_details":[{"test":"P\\Tests\\Feature\\Admin\\ScholarshipRuleTest::__pest_evaluable_admin_can_view_edit_scholarship_rules_page","file":"\\FYP\\ScholarMatch\\vendor\\laravel\\framework\\src\\Illuminate\\Database\\Connection.php","line":601,"message":"SQLSTATE[23000]: Integrity constraint violation: 19 UNIQUE constraint failed: scholarship_rules.scholarship_id (Connection: sqlite, Database: :memory:, SQL: insert into \"scholarship_rules\" (\"scholarship_id\", \"required_nationality\", \"required_study_level\", \"required_income_category\", \"max_household_income\", \"min_spm_as\", \"min_spm_credits\", \"min_cgpa\", \"required_field_of_study\", \"required_institution_type\", \"income_rule_type\", \"study_level_rule_type\", \"field_rule_type\", \"institution_rule_type\", \"updated_at\", \"created_at\") values (1, Malaysian, Undergraduate, B40, 3169, 5, 3, 3, Engineering, Public University, hard, hard, soft, soft, 2026-07-07 03:59:45, 2026-07-07 03:59:45))"},{"test":"P\\Tests\\Feature\\Admin\\ScholarshipRuleTest::__pest_evaluable_admin_can_update_scholarship_rules","file":"\\FYP\\ScholarMatch\\vendor\\laravel\\framework\\src\\Illuminate\\Database\\Connection.php","line":601,"message":"SQLSTATE[23000]: Integrity constraint violation: 19 UNIQUE constraint failed: scholarship_rules.scholarship_id (Connection: sqlite, Database: :memory:, SQL: insert into \"scholarship_rules\" (\"scholarship_id\", \"required_nationality\", \"required_study_level\", \"required_income_category\", \"max_household_income\", \"min_spm_as\", \"min_spm_credits\", \"min_cgpa\", \"required_field_of_study\", \"required_institution_type\", \"income_rule_type\", \"study_level_rule_type\", \"field_rule_type\", \"institution_rule_type\", \"updated_at\", \"created_at\") values (1, Malaysian, Undergraduate, B40, 3169, 5, 3, 3, Engineering, Public University, hard, hard, soft, soft, 2026-07-07 03:59:45, 2026-07-07 03:59:45))"},{"test":"P\\Tests\\Feature\\Admin\\ScholarshipTest::__pest_evaluable_admin_can_view_scholarships_index","file":"\\FYP\\ScholarMatch\\vendor\\laravel\\framework\\src\\Illuminate\\Database\\Eloquent\\Factories\\Factory.php","line":1022,"message":"Class \"Database\\Factories\\ScholarshipFactory\" not found"},{"test":"P\\Tests\\Feature\\Admin\\ScholarshipTest::__pest_evaluable_admin_can_view_edit_scholarship_page","file":"\\FYP\\ScholarMatch\\vendor\\laravel\\framework\\src\\Illuminate\\Database\\Eloquent\\Factories\\Factory.php","line":1022,"message":"Class \"Database\\Factories\\ScholarshipFactory\" not found"},{"test":"P\\Tests\\Feature\\Admin\\ScholarshipTest::__pest_evaluable_admin_can_update_scholarship","file":"\\FYP\\ScholarMatch\\vendor\\laravel\\framework\\src\\Illuminate\\Database\\Eloquent\\Factories\\Factory.php","line":1022,"message":"Class \"Database\\Factories\\ScholarshipFactory\" not found"},{"test":"P\\Tests\\Feature\\Admin\\ScholarshipTest::__pest_evaluable_admin_can_delete_scholarship","file":"\\FYP\\ScholarMatch\\vendor\\laravel\\framework\\src\\Illuminate\\Database\\Eloquent\\Factories\\Factory.php","line":1022,"message":"Class \"Database\\Factories\\ScholarshipFactory\" not found"},{"test":"P\\Tests\\Feature\\Student\\AcademicResultTest::__pest_evaluable_student_can_update_existing_academic_result","file":"\\FYP\\ScholarMatch\\vendor\\laravel\\framework\\src\\Illuminate\\Database\\Connection.php","line":601,"message":"SQLSTATE[23000]: Integrity constraint violation: 19 UNIQUE constraint failed: academic_results.user_id (Connection: sqlite, Database: :memory:, SQL: insert into \"academic_results\" (\"user_id\", \"education_level\", \"spm_as\", \"spm_credits\", \"cgpa\", \"result_status\", \"updated_at\", \"created_at\") values (1, SPM, 5, 4, ?, official, 2026-07-07 03:59:50, 2026-07-07 03:59:50))"},{"test":"P\\Tests\\Feature\\Student\\ProfileTest::__pest_evaluable_profile_creation_auto_classifies_income_category","file":"\\FYP\\ScholarMatch\\vendor\\laravel\\framework\\src\\Illuminate\\Foundation\\Bootstrap\\HandleExceptions.php","line":263,"message":"Attempt to read property \"income_category\" on null"},{"test":"P\\Tests\\Feature\\Student\\ProfileTest::__pest_evaluable_profile_creation_classifies_T20_for_high_income","file":"\\FYP\\ScholarMatch\\vendor\\laravel\\framework\\src\\Illuminate\\Foundation\\Bootstrap\\HandleExceptions.php","line":263,"message":"Attempt to read property \"income_category\" on null"}]}
